Archive member included to satisfy reference by file (symbol)

c:/vsarm/armcc/12977f~1.2mp/bin/../lib/gcc/arm-none-eabi/12.2.1/thumb/v6-m/nofp\libgcc.a(_dvmd_tls.o)
                              CMakeFiles/NevadaNano_TestBed.dir/C_/VSARM/sdk/pico/pico-sdk/src/rp2_common/pico_divider/divider_hardware.S.obj (__aeabi_idiv0)
c:/vsarm/armcc/12977f~1.2mp/bin/../lib/gcc/arm-none-eabi/12.2.1/thumb/v6-m/nofp\libg.a(libc_a-calloc.o)
                              CMakeFiles/NevadaNano_TestBed.dir/C_/VSARM/sdk/pico/pico-sdk/src/rp2_common/pico_malloc/malloc.c.obj (calloc)
c:/vsarm/armcc/12977f~1.2mp/bin/../lib/gcc/arm-none-eabi/12.2.1/thumb/v6-m/nofp\libg.a(libc_a-callocr.o)
                              c:/vsarm/armcc/12977f~1.2mp/bin/../lib/gcc/arm-none-eabi/12.2.1/thumb/v6-m/nofp\libg.a(libc_a-calloc.o) (_calloc_r)
c:/vsarm/armcc/12977f~1.2mp/bin/../lib/gcc/arm-none-eabi/12.2.1/thumb/v6-m/nofp\libg.a(libc_a-malloc.o)
                              CMakeFiles/NevadaNano_TestBed.dir/C_/VSARM/sdk/pico/pico-sdk/src/rp2_common/pico_malloc/malloc.c.obj (malloc)
c:/vsarm/armcc/12977f~1.2mp/bin/../lib/gcc/arm-none-eabi/12.2.1/thumb/v6-m/nofp\libg.a(libc_a-mallocr.o)
                              c:/vsarm/armcc/12977f~1.2mp/bin/../lib/gcc/arm-none-eabi/12.2.1/thumb/v6-m/nofp\libg.a(libc_a-callocr.o) (_malloc_r)
c:/vsarm/armcc/12977f~1.2mp/bin/../lib/gcc/arm-none-eabi/12.2.1/thumb/v6-m/nofp\libg.a(libc_a-mlock.o)
                              c:/vsarm/armcc/12977f~1.2mp/bin/../lib/gcc/arm-none-eabi/12.2.1/thumb/v6-m/nofp\libg.a(libc_a-mallocr.o) (__malloc_lock)
c:/vsarm/armcc/12977f~1.2mp/bin/../lib/gcc/arm-none-eabi/12.2.1/thumb/v6-m/nofp\libg.a(libc_a-realloc.o)
                              CMakeFiles/NevadaNano_TestBed.dir/C_/VSARM/sdk/pico/pico-sdk/src/rp2_common/pico_malloc/malloc.c.obj (realloc)
c:/vsarm/armcc/12977f~1.2mp/bin/../lib/gcc/arm-none-eabi/12.2.1/thumb/v6-m/nofp\libg.a(libc_a-reallocr.o)
                              c:/vsarm/armcc/12977f~1.2mp/bin/../lib/gcc/arm-none-eabi/12.2.1/thumb/v6-m/nofp\libg.a(libc_a-realloc.o) (_realloc_r)
c:/vsarm/armcc/12977f~1.2mp/bin/../lib/gcc/arm-none-eabi/12.2.1/thumb/v6-m/nofp\libg.a(libc_a-ctype_.o)
                              CMakeFiles/NevadaNano_TestBed.dir/C_/VSARM/sdk/pico/pico-sdk/lib/tinyusb/src/tusb.c.obj (_ctype_)
c:/vsarm/armcc/12977f~1.2mp/bin/../lib/gcc/arm-none-eabi/12.2.1/thumb/v6-m/nofp\libg.a(libc_a-memcmp.o)
                              CMakeFiles/NevadaNano_TestBed.dir/C_/VSARM/sdk/pico/pico-sdk/src/rp2_common/pico_atomic/atomic.c.obj (memcmp)
c:/vsarm/armcc/12977f~1.2mp/bin/../lib/gcc/arm-none-eabi/12.2.1/thumb/v6-m/nofp\libg.a(libc_a-memmove.o)
                              c:/vsarm/armcc/12977f~1.2mp/bin/../lib/gcc/arm-none-eabi/12.2.1/thumb/v6-m/nofp\libg.a(libc_a-reallocr.o) (memmove)
c:/vsarm/armcc/12977f~1.2mp/bin/../lib/gcc/arm-none-eabi/12.2.1/thumb/v6-m/nofp\libg.a(libc_a-lcltime_r.o)
                              CMakeFiles/NevadaNano_TestBed.dir/C_/VSARM/sdk/pico/pico-sdk/src/common/pico_util/datetime.c.obj (localtime_r)
c:/vsarm/armcc/12977f~1.2mp/bin/../lib/gcc/arm-none-eabi/12.2.1/thumb/v6-m/nofp\libg.a(libc_a-mktime.o)
                              CMakeFiles/NevadaNano_TestBed.dir/C_/VSARM/sdk/pico/pico-sdk/src/common/pico_util/datetime.c.obj (mktime)
c:/vsarm/armcc/12977f~1.2mp/bin/../lib/gcc/arm-none-eabi/12.2.1/thumb/v6-m/nofp\libg.a(libc_a-month_lengths.o)
                              c:/vsarm/armcc/12977f~1.2mp/bin/../lib/gcc/arm-none-eabi/12.2.1/thumb/v6-m/nofp\libg.a(libc_a-lcltime_r.o) (__month_lengths)
c:/vsarm/armcc/12977f~1.2mp/bin/../lib/gcc/arm-none-eabi/12.2.1/thumb/v6-m/nofp\libg.a(libc_a-tzcalc_limits.o)
                              c:/vsarm/armcc/12977f~1.2mp/bin/../lib/gcc/arm-none-eabi/12.2.1/thumb/v6-m/nofp\libg.a(libc_a-lcltime_r.o) (__tzcalc_limits)
c:/vsarm/armcc/12977f~1.2mp/bin/../lib/gcc/arm-none-eabi/12.2.1/thumb/v6-m/nofp\libg.a(libc_a-tzlock.o)
                              c:/vsarm/armcc/12977f~1.2mp/bin/../lib/gcc/arm-none-eabi/12.2.1/thumb/v6-m/nofp\libg.a(libc_a-lcltime_r.o) (__tz_lock)
c:/vsarm/armcc/12977f~1.2mp/bin/../lib/gcc/arm-none-eabi/12.2.1/thumb/v6-m/nofp\libg.a(libc_a-tzset.o)
                              c:/vsarm/armcc/12977f~1.2mp/bin/../lib/gcc/arm-none-eabi/12.2.1/thumb/v6-m/nofp\libg.a(libc_a-lcltime_r.o) (_tzset_unlocked)
c:/vsarm/armcc/12977f~1.2mp/bin/../lib/gcc/arm-none-eabi/12.2.1/thumb/v6-m/nofp\libg.a(libc_a-tzset_r.o)
                              c:/vsarm/armcc/12977f~1.2mp/bin/../lib/gcc/arm-none-eabi/12.2.1/thumb/v6-m/nofp\libg.a(libc_a-tzset.o) (_tzset_unlocked_r)
c:/vsarm/armcc/12977f~1.2mp/bin/../lib/gcc/arm-none-eabi/12.2.1/thumb/v6-m/nofp\libg.a(libc_a-tzvars.o)
                              c:/vsarm/armcc/12977f~1.2mp/bin/../lib/gcc/arm-none-eabi/12.2.1/thumb/v6-m/nofp\libg.a(libc_a-tzset_r.o) (_timezone)
c:/vsarm/armcc/12977f~1.2mp/bin/../lib/gcc/arm-none-eabi/12.2.1/thumb/v6-m/nofp\libg.a(libc_a-impure.o)
[...]
Memory Configuration

Name             Origin             Length             Attributes
FLASH            0x10000000         0x00200000         xr
RAM              0x20000000         0x00040000         xrw
SCRATCH_X        0x20040000         0x00001000         xrw
SCRATCH_Y        0x20041000         0x00001000         xrw
*default*        0x00000000         0xffffffff

Linker script and memory map

LOAD c:/vsarm/armcc/12977f~1.2mp/bin/../lib/gcc/arm-none-eabi/12.2.1/thumb/v6-m/nofp/crti.o
LOAD c:/vsarm/armcc/12977f~1.2mp/bin/../lib/gcc/arm-none-eabi/12.2.1/thumb/v6-m/nofp/crtbegin.o
LOAD c:/vsarm/armcc/12977f~1.2mp/bin/../lib/gcc/arm-none-eabi/12.2.1/thumb/v6-m/nofp/crt0.o

.flash_begin    0x10000000        0x0
                0x10000000                        __flash_binary_start = .

.boot2          0x10000000      0x100
                0x10000000                        __boot2_start__ = .
 *(.boot2)
 .boot2         0x10000000      0x100 ..\pico-sdk\src\rp2040\boot_stage2\CMakeFiles\bs2_default_library.dir\bs2_default_padded_checksummed.S.obj
                0x10000100                        __boot2_end__ = .
                0x00000001                        ASSERT (((__boot2_end__ - __boot2_start__) == 0x100), ERROR: Pico second stage bootloader must be 256 bytes in size)

.text           0x10000100     0x781c
                0x10000100                        __logical_binary_start = .
 *(.vectors)
 .vectors       0x10000100       0xd4 CMakeFiles/NevadaNano_TestBed.dir/C_/VSARM/sdk/pico/pico-sdk/src/rp2_common/pico_crt0/crt0.S.obj
                0x10000100                __VECTOR_TABLE
                0x10000100                __vectors
                0x100001c0                isr_invalid
                0x100001c0                __default_isrs_start
                0x100001c2                isr_nmi
                0x100001c4                isr_hardfault
                0x100001c6                isr_svcall
                0x100001c8                isr_pendsv
                0x100001ca                isr_systick
                0x100001cc                isr_irq23
                0x100001cc                isr_irq18
                0x100001cc                isr_irq11
                0x100001cc                isr_irq28
                0x100001cc                isr_irq19
                0x100001cc                isr_irq0
                0x100001cc                isr_irq6
                0x100001cc                isr_irq5
                0x100001cc                isr_irq12
                0x100001cc                isr_irq22
                0x100001cc                isr_irq31
                0x100001cc                isr_irq17
                0x100001cc                isr_irq27
                0x100001cc                isr_irq30
                0x100001cc                isr_irq2
                0x100001cc                isr_irq10
                0x100001cc                isr_irq8
                0x100001cc                isr_irq24
                0x100001cc                isr_irq1
                0x100001cc                isr_irq7
                0x100001cc                isr_irq21
                0x100001cc                isr_irq20
                0x100001cc                isr_irq15
                0x100001cc                isr_irq25
                0x100001cc                isr_irq13
                0x100001cc                __unhandled_user_irq
                0x100001cc                isr_irq4
                0x100001cc                isr_irq16
                0x100001cc                isr_irq29
                0x100001cc                isr_irq26
                0x100001cc                __default_isrs_end
                0x100001cc                isr_irq3
                0x100001cc                isr_irq14
                0x100001cc                isr_irq9
                0x100001d2                unhandled_user_irq_num_in_r0
 *(.binary_info_header)
 .binary_info_header
                0x100001d4       0x14 CMakeFiles/NevadaNano_TestBed.dir/C_/VSARM/sdk/pico/pico-sdk/src/rp2_common/pico_crt0/crt0.S.obj
                0x100001e8                        __binary_info_header_end = .
 *(.embedded_block)
                0x100001e8                        __embedded_block_end = .
 *(.reset)
 .reset         0x100001e8       0x9c CMakeFiles/NevadaNano_TestBed.dir/C_/VSARM/sdk/pico/pico-sdk/src/rp2_common/pico_crt0/crt0.S.obj
                0x100001e8                _entry_point
 *(.init)
 .init          0x10000284        0x4 c:/vsarm/armcc/12977f~1.2mp/bin/../lib/gcc/arm-none-eabi/12.2.1/thumb/v6-m/nofp/crti.o
                0x10000284                _init
 *(EXCLUDE_FILE(*libm.a: *libc.a:*lib_a-mem*.o *libgcc.a:) .text*)
 .text.register_tm_clones
                0x10000288       0x28 c:/vsarm/armcc/12977f~1.2mp/bin/../lib/gcc/arm-none-eabi/12.2.1/thumb/v6-m/nofp/crtbegin.o
 .text.frame_dummy
                0x100002b0       0x24 c:/vsarm/armcc/12977f~1.2mp/bin/../lib/gcc/arm-none-eabi/12.2.1/thumb/v6-m/nofp/crtbegin.o
 .text.uart_set_irqs_enabled
                0x100002d4       0x50 CMakeFiles/NevadaNano_TestBed.dir/main.c.obj
 .text.uart_getc
                0x10000324       0x24 CMakeFiles/NevadaNano_TestBed.dir/main.c.obj
 .text.timer_counter_isr
                0x10000348       0x8c CMakeFiles/NevadaNano_TestBed.dir/main.c.obj
                0x10000348                timer_counter_isr
 .text.timer_heartbeat_isr
                0x100003d4       0x22 CMakeFiles/NevadaNano_TestBed.dir/main.c.obj
 *fill*         0x100003f6        0x2 
 .text.uart_rx_isr
                0x100003f8       0xe0 CMakeFiles/NevadaNano_TestBed.dir/main.c.obj
 .text.add_repeating_timer_ms
                0x100004d8       0x3c CMakeFiles/NevadaNano_TestBed.dir/main.c.obj
 .text.MakeString
                0x10000514       0x5c CMakeFiles/NevadaNano_TestBed.dir/main.c.obj
                0x10000514                MakeString
 .text.crc16    0x10000570       0x22 CMakeFiles/NevadaNano_TestBed.dir/main.c.obj
                0x10000570                crc16
 *fill*         0x10000592        0x2 
 .text.read_frame
                0x10000594      0x100 CMakeFiles/NevadaNano_TestBed.dir/main.c.obj
                0x10000594                read_frame
 .text.MUX_Set  0x10000694      0x430 CMakeFiles/NevadaNano_TestBed.dir/main.c.obj
                0x10000694                MUX_Set
 .text.send_exception
                0x10000ac4       0x70 CMakeFiles/NevadaNano_TestBed.dir/main.c.obj
                0x10000ac4                send_exception
 .text.forward_frame
                0x10000b34      0x204 CMakeFiles/NevadaNano_TestBed.dir/main.c.obj
                0x10000b34                forward_frame
 .text.main     0x10000d38      0x20c CMakeFiles/NevadaNano_TestBed.dir/main.c.obj
                0x10000d38                main
 .text.gpio_set_function
                0x10000f44       0x34 CMakeFiles/NevadaNano_TestBed.dir/C_/VSARM/sdk/pico/pico-sdk/src/rp2_common/hardware_gpio/gpio.c.obj
                0x10000f44                gpio_set_function
 .text.gpio_init
                0x10000f78       0x16 CMakeFiles/NevadaNano_TestBed.dir/C_/VSARM/sdk/pico/pico-sdk/src/rp2_common/hardware_gpio/gpio.c.obj
                0x10000f78                gpio_init
 *fill*         0x10000f8e        0x2 
 .text.rp2040_chip_version
                0x10000f90       0x4c CMakeFiles/NevadaNano_TestBed.dir/C_/VSARM/sdk/pico/pico-sdk/src/rp2040/pico_platform/platform.c.obj
                0x10000f90                rp2040_chip_version
 .text.panic    0x10000fdc       0x30 CMakeFiles/NevadaNano_TestBed.dir/C_/VSARM/sdk/pico/pico-sdk/src/rp2_common/pico_platform_panic/panic.c.obj
                0x10000fdc                panic
 .text.hw_claim_lock
                0x1000100c       0x18 CMakeFiles/NevadaNano_TestBed.dir/C_/VSARM/sdk/pico/pico-sdk/src/common/hardware_claim/claim.c.obj
                0x1000100c                hw_claim_lock
 .text.hw_claim_unlock
                0x10001024       0x14 CMakeFiles/NevadaNano_TestBed.dir/C_/VSARM/sdk/pico/pico-sdk/src/common/hardware_claim/claim.c.obj
                0x10001024                hw_claim_unlock
 .text.hw_claim_or_assert
                0x10001038       0x32 CMakeFiles/NevadaNano_TestBed.dir/C_/VSARM/sdk/pico/pico-sdk/src/common/hardware_claim/claim.c.obj
                0x10001038                hw_claim_or_assert
 .text.hw_claim_unused_from_range
                0x1000106a       0x50 CMakeFiles/NevadaNano_TestBed.dir/C_/VSARM/sdk/pico/pico-sdk/src/common/hardware_claim/claim.c.obj
                0x1000106a                hw_claim_unused_from_range
 *fill*         0x100010ba        0x2 
 .text.next_striped_spin_lock_num
                0x100010bc       0x1c CMakeFiles/NevadaNano_TestBed.dir/C_/VSARM/sdk/pico/pico-sdk/src/rp2_common/hardware_sync/sync.c.obj
                0x100010bc                next_striped_spin_lock_num
 .text.spin_lock_claim_unused
                0x100010d8       0x24 CMakeFiles/NevadaNano_TestBed.dir/C_/VSARM/sdk/pico/pico-sdk/src/rp2_common/hardware_sync/sync.c.obj
                0x100010d8                spin_lock_claim_unused
 .text.spin_locks_reset
                0x100010fc       0x20 CMakeFiles/NevadaNano_TestBed.dir/C_/VSARM/sdk/pico/pico-sdk/src/rp2_common/hardware_sync_spin_lock/sync_spin_lock.c.obj
                0x100010fc                spin_locks_reset
 .text.set_raw_irq_handler_and_unlock
                0x1000111c       0x28 CMakeFiles/NevadaNano_TestBed.dir/C_/VSARM/sdk/pico/pico-sdk/src/rp2_common/hardware_irq/irq.c.obj
 .text.nvic_ipr0
                0x10001144        0x8 CMakeFiles/NevadaNano_TestBed.dir/C_/VSARM/sdk/pico/pico-sdk/src/rp2_common/hardware_irq/irq.c.obj
 .text.runtime_init_per_core_irq_priorities
                0x1000114c       0x1c CMakeFiles/NevadaNano_TestBed.dir/C_/VSARM/sdk/pico/pico-sdk/src/rp2_common/hardware_irq/irq.c.obj
                0x1000114c                runtime_init_per_core_irq_priorities
 .text.resolve_j_16
                0x10001168       0x30 CMakeFiles/NevadaNano_TestBed.dir/C_/VSARM/sdk/pico/pico-sdk/src/rp2_common/hardware_irq/irq.c.obj
 .text.make_j_16
                0x10001198       0x48 CMakeFiles/NevadaNano_TestBed.dir/C_/VSARM/sdk/pico/pico-sdk/src/rp2_common/hardware_irq/irq.c.obj
 .text.irq_is_enabled
                0x100011e0       0x18 CMakeFiles/NevadaNano_TestBed.dir/C_/VSARM/sdk/pico/pico-sdk/src/rp2_common/hardware_irq/irq.c.obj
                0x100011e0                irq_is_enabled
 .text.irq_set_mask_n_enabled
                0x100011f8       0x1c CMakeFiles/NevadaNano_TestBed.dir/C_/VSARM/sdk/pico/pico-sdk/src/rp2_common/hardware_irq/irq.c.obj
                0x100011f8                irq_set_mask_n_enabled
 .text.irq_set_enabled
                0x10001214       0x14 CMakeFiles/NevadaNano_TestBed.dir/C_/VSARM/sdk/pico/pico-sdk/src/rp2_common/hardware_irq/irq.c.obj
                0x10001214                irq_set_enabled
 .text.irq_set_pending
                0x10001228       0x10 CMakeFiles/NevadaNano_TestBed.dir/C_/VSARM/sdk/pico/pico-sdk/src/rp2_common/hardware_irq/irq.c.obj
                0x10001228                irq_set_pending
 .text.irq_get_vtable_handler
                0x10001238       0x10 CMakeFiles/NevadaNano_TestBed.dir/C_/VSARM/sdk/pico/pico-sdk/src/rp2_common/hardware_irq/irq.c.obj
                0x10001238                irq_get_vtable_handler
 .text.irq_has_shared_handler
                0x10001248       0x1c CMakeFiles/NevadaNano_TestBed.dir/C_/VSARM/sdk/pico/pico-sdk/src/rp2_common/hardware_irq/irq.c.obj
                0x10001248                irq_has_shared_handler
 .text.irq_set_exclusive_handler
                0x10001264       0x54 CMakeFiles/NevadaNano_TestBed.dir/C_/VSARM/sdk/pico/pico-sdk/src/rp2_common/hardware_irq/irq.c.obj
                0x10001264                irq_set_exclusive_handler
 .text.irq_add_shared_handler
                0x100012b8      0x218 CMakeFiles/NevadaNano_TestBed.dir/C_/VSARM/sdk/pico/pico-sdk/src/rp2_common/hardware_irq/irq.c.obj
                0x100012b8                irq_add_shared_handler
 .text.irq_add_tail_to_free_list
                0x100014d0       0xf0 CMakeFiles/NevadaNano_TestBed.dir/C_/VSARM/sdk/pico/pico-sdk/src/rp2_common/hardware_irq/irq.c.obj
                0x100014d0                irq_add_tail_to_free_list
 .text.user_irq_claim_unused
                0x100015c0       0x2c CMakeFiles/NevadaNano_TestBed.dir/C_/VSARM/sdk/pico/pico-sdk/src/rp2_common/hardware_irq/irq.c.obj
                0x100015c0                user_irq_claim_unused
 .text.lock_init
                0x100015ec       0x10 CMakeFiles/NevadaNano_TestBed.dir/C_/VSARM/sdk/pico/pico-sdk/src/common/pico_sync/lock_core.c.obj
                0x100015ec                lock_init
 .text.mutex_init
                0x100015fc       0x1a CMakeFiles/NevadaNano_TestBed.dir/C_/VSARM/sdk/pico/pico-sdk/src/common/pico_sync/mutex.c.obj
                0x100015fc                mutex_init
 .text.recursive_mutex_init
                0x10001616       0x1e CMakeFiles/NevadaNano_TestBed.dir/C_/VSARM/sdk/pico/pico-sdk/src/common/pico_sync/mutex.c.obj
                0x10001616                recursive_mutex_init
 .text.runtime_init_mutex
                0x10001634       0x4c CMakeFiles/NevadaNano_TestBed.dir/C_/VSARM/sdk/pico/pico-sdk/src/common/pico_sync/mutex.c.obj
                0x10001634                runtime_init_mutex
 .text.critical_section_init_with_lock_num
                0x10001680       0x14 CMakeFiles/NevadaNano_TestBed.dir/C_/VSARM/sdk/pico/pico-sdk/src/common/pico_sync/critical_section.c.obj
                0x10001680                critical_section_init_with_lock_num
 .text.critical_section_init
                0x10001694       0x14 CMakeFiles/NevadaNano_TestBed.dir/C_/VSARM/sdk/pico/pico-sdk/src/common/pico_sync/critical_section.c.obj
                0x10001694                critical_section_init
 .text.ta_set_timeout
                0x100016a8       0x24 CMakeFiles/NevadaNano_TestBed.dir/C_/VSARM/sdk/pico/pico-sdk/src/common/pico_time/time.c.obj
 .text.make_alarm_id
                0x100016cc        0x6 CMakeFiles/NevadaNano_TestBed.dir/C_/VSARM/sdk/pico/pico-sdk/src/common/pico_time/time.c.obj
 *fill*         0x100016d2        0x2 
 .text.sleep_until_callback
                0x100016d4       0x30 CMakeFiles/NevadaNano_TestBed.dir/C_/VSARM/sdk/pico/pico-sdk/src/common/pico_time/time.c.obj
 .text.alarm_pool_irq_handler
                0x10001704      0x2e8 CMakeFiles/NevadaNano_TestBed.dir/C_/VSARM/sdk/pico/pico-sdk/src/common/pico_time/time.c.obj
 .text.ta_enable_irq_handler
                0x100019ec       0x2c CMakeFiles/NevadaNano_TestBed.dir/C_/VSARM/sdk/pico/pico-sdk/src/common/pico_time/time.c.obj
 .text.alarm_pool_post_alloc_init
                0x10001a18       0x78 CMakeFiles/NevadaNano_TestBed.dir/C_/VSARM/sdk/pico/pico-sdk/src/common/pico_time/time.c.obj
 .text.alarm_pool_get_default
                0x10001a90       0x2c CMakeFiles/NevadaNano_TestBed.dir/C_/VSARM/sdk/pico/pico-sdk/src/common/pico_time/time.c.obj
                0x10001a90                alarm_pool_get_default
 .text.alarm_pool_add_alarm_at_force_in_context
                0x10001abc       0xa4 CMakeFiles/NevadaNano_TestBed.dir/C_/VSARM/sdk/pico/pico-sdk/src/common/pico_time/time.c.obj
                0x10001abc                alarm_pool_add_alarm_at_force_in_context
 .text.alarm_pool_add_alarm_at
                0x10001b60       0x3c CMakeFiles/NevadaNano_TestBed.dir/C_/VSARM/sdk/pico/pico-sdk/src/common/pico_time/time.c.obj
                0x10001b60                alarm_pool_add_alarm_at
 .text.add_alarm_at
                0x10001b9c       0x2e CMakeFiles/NevadaNano_TestBed.dir/C_/VSARM/sdk/pico/pico-sdk/src/common/pico_time/time.c.obj
 *fill*         0x10001bca        0x2 
 .text.alarm_pool_cancel_alarm
                0x10001bcc       0x78 CMakeFiles/NevadaNano_TestBed.dir/C_/VSARM/sdk/pico/pico-sdk/src/common/pico_time/time.c.obj
                0x10001bcc                alarm_pool_cancel_alarm
 .text.cancel_alarm
                0x10001c44       0x10 CMakeFiles/NevadaNano_TestBed.dir/C_/VSARM/sdk/pico/pico-sdk/src/common/pico_time/time.c.obj
 .text.alarm_pool_core_num
                0x10001c54        0x4 CMakeFiles/NevadaNano_TestBed.dir/C_/VSARM/sdk/pico/pico-sdk/src/common/pico_time/time.c.obj
                0x10001c54                alarm_pool_core_num
 .text.sleep_until
                0x10001c58       0xc0 CMakeFiles/NevadaNano_TestBed.dir/C_/VSARM/sdk/pico/pico-sdk/src/common/pico_time/time.c.obj
                0x10001c58                sleep_until
 .text.sleep_us
                0x10001d18       0x24 CMakeFiles/NevadaNano_TestBed.dir/C_/VSARM/sdk/pico/pico-sdk/src/common/pico_time/time.c.obj
                0x10001d18                sleep_us
 .text.sleep_ms
                0x10001d3c       0x14 CMakeFiles/NevadaNano_TestBed.dir/C_/VSARM/sdk/pico/pico-sdk/src/common/pico_time/time.c.obj
                0x10001d3c                sleep_ms
 .text.best_effort_wfe_or_timeout
                0x10001d50      0x12c CMakeFiles/NevadaNano_TestBed.dir/C_/VSARM/sdk/pico/pico-sdk/src/common/pico_time/time.c.obj
                0x10001d50                best_effort_wfe_or_timeout
 .text.alarm_pool_add_repeating_timer_us
                0x10001e7c       0x6c CMakeFiles/NevadaNano_TestBed.dir/C_/VSARM/sdk/pico/pico-sdk/src/common/pico_time/time.c.obj
                0x10001e7c                alarm_pool_add_repeating_timer_us
 .text.alarm_pool_get_default_timer
                0x10001ee8        0x8 CMakeFiles/NevadaNano_TestBed.dir/C_/VSARM/sdk/pico/pico-sdk/src/common/pico_time/time.c.obj
                0x10001ee8                alarm_pool_get_default_timer
 .text.runtime_init_default_alarm_pool
                0x10001ef0       0x38 CMakeFiles/NevadaNano_TestBed.dir/C_/VSARM/sdk/pico/pico-sdk/src/common/pico_time/time.c.obj
                0x10001ef0                runtime_init_default_alarm_pool
 .text.timer_hardware_alarm_claim
                0x10001f28       0x14 CMakeFiles/NevadaNano_TestBed.dir/C_/VSARM/sdk/pico/pico-sdk/src/rp2_common/hardware_timer/timer.c.obj
                0x10001f28                timer_hardware_alarm_claim
 .text.timer_time_us_64
                0x10001f3c       0x10 CMakeFiles/NevadaNano_TestBed.dir/C_/VSARM/sdk/pico/pico-sdk/src/rp2_common/hardware_timer/timer.c.obj
                0x10001f3c                timer_time_us_64
 .text.timer_busy_wait_until
                0x10001f4c       0x1a CMakeFiles/NevadaNano_TestBed.dir/C_/VSARM/sdk/pico/pico-sdk/src/rp2_common/hardware_timer/timer.c.obj
                0x10001f4c                timer_busy_wait_until
 .text.timer_busy_wait_us
                0x10001f66       0x38 CMakeFiles/NevadaNano_TestBed.dir/C_/VSARM/sdk/pico/pico-sdk/src/rp2_common/hardware_timer/timer.c.obj
                0x10001f66                timer_busy_wait_us
 *fill*         0x10001f9e        0x2 
 .text.time_us_64
                0x10001fa0       0x10 CMakeFiles/NevadaNano_TestBed.dir/C_/VSARM/sdk/pico/pico-sdk/src/rp2_common/hardware_timer/timer.c.obj
                0x10001fa0                time_us_64
 .text.busy_wait_us
                0x10001fb0       0x14 CMakeFiles/NevadaNano_TestBed.dir/C_/VSARM/sdk/pico/pico-sdk/src/rp2_common/hardware_timer/timer.c.obj
                0x10001fb0                busy_wait_us
 .text.busy_wait_until
                0x10001fc4       0x14 CMakeFiles/NevadaNano_TestBed.dir/C_/VSARM/sdk/pico/pico-sdk/src/rp2_common/hardware_timer/timer.c.obj
                0x10001fc4                busy_wait_until
 .text.uart_unreset
                0x10001fd8       0x2c CMakeFiles/NevadaNano_TestBed.dir/C_/VSARM/sdk/pico/pico-sdk/src/rp2_common/hardware_uart/uart.c.obj
 .text.uart_disable_before_lcr_write
                0x10002004       0x48 CMakeFiles/NevadaNano_TestBed.dir/C_/VSARM/sdk/pico/pico-sdk/src/rp2_common/hardware_uart/uart.c.obj
 .text.uart_write_lcr_bits_masked
                0x1000204c       0x20 CMakeFiles/NevadaNano_TestBed.dir/C_/VSARM/sdk/pico/pico-sdk/src/rp2_common/hardware_uart/uart.c.obj
 .text.uart_set_baudrate
                0x1000206c       0x5c CMakeFiles/NevadaNano_TestBed.dir/C_/VSARM/sdk/pico/pico-sdk/src/rp2_common/hardware_uart/uart.c.obj
                0x1000206c                uart_set_baudrate
 .text.uart_set_format
                0x100020c8       0x2c CMakeFiles/NevadaNano_TestBed.dir/C_/VSARM/sdk/pico/pico-sdk/src/rp2_common/hardware_uart/uart.c.obj
                0x100020c8                uart_set_format
 .text.uart_set_fifo_enabled
                0x100020f4       0x10 CMakeFiles/NevadaNano_TestBed.dir/C_/VSARM/sdk/pico/pico-sdk/src/rp2_common/hardware_uart/uart.c.obj
                0x100020f4                uart_set_fifo_enabled
 .text.uart_set_translate_crlf
                0x10002104       0x28 CMakeFiles/NevadaNano_TestBed.dir/C_/VSARM/sdk/pico/pico-sdk/src/rp2_common/hardware_uart/uart.c.obj
                0x10002104                uart_set_translate_crlf
 .text.uart_init
                0x1000212c       0x64 CMakeFiles/NevadaNano_TestBed.dir/C_/VSARM/sdk/pico/pico-sdk/src/rp2_common/hardware_uart/uart.c.obj
                0x1000212c                uart_init
 .text.clock_configure_internal
                0x10002190       0xc4 CMakeFiles/NevadaNano_TestBed.dir/C_/VSARM/sdk/pico/pico-sdk/src/rp2_common/hardware_clocks/clocks.c.obj
 .text.clock_configure_int_divider
                0x10002254       0x28 CMakeFiles/NevadaNano_TestBed.dir/C_/VSARM/sdk/pico/pico-sdk/src/rp2_common/hardware_clocks/clocks.c.obj
                0x10002254                clock_configure_int_divider
 .text.clock_configure_undivided
                0x1000227c       0x12 CMakeFiles/NevadaNano_TestBed.dir/C_/VSARM/sdk/pico/pico-sdk/src/rp2_common/hardware_clocks/clocks.c.obj
                0x1000227c                clock_configure_undivided
 *fill*         0x1000228e        0x2 
 .text.clock_get_hz
                0x10002290        0xc CMakeFiles/NevadaNano_TestBed.dir/C_/VSARM/sdk/pico/pico-sdk/src/rp2_common/hardware_clocks/clocks.c.obj
                0x10002290                clock_get_hz
 .text.pll_init
                0x1000229c      0x124 CMakeFiles/NevadaNano_TestBed.dir/C_/VSARM/sdk/pico/pico-sdk/src/rp2_common/hardware_pll/pll.c.obj
                0x1000229c                pll_init
 .text.watchdog_update
                0x100023c0       0x14 CMakeFiles/NevadaNano_TestBed.dir/C_/VSARM/sdk/pico/pico-sdk/src/rp2_common/hardware_watchdog/watchdog.c.obj
                0x100023c0                watchdog_update
 .text._watchdog_enable
                0x100023d4       0x7c CMakeFiles/NevadaNano_TestBed.dir/C_/VSARM/sdk/pico/pico-sdk/src/rp2_common/hardware_watchdog/watchdog.c.obj
                0x100023d4                _watchdog_enable
 .text.watchdog_enable
                0x10002450       0x18 CMakeFiles/NevadaNano_TestBed.dir/C_/VSARM/sdk/pico/pico-sdk/src/rp2_common/hardware_watchdog/watchdog.c.obj
                0x10002450                watchdog_enable
 .text.watchdog_reboot
                0x10002468       0x48 CMakeFiles/NevadaNano_TestBed.dir/C_/VSARM/sdk/pico/pico-sdk/src/rp2_common/hardware_watchdog/watchdog.c.obj
                0x10002468                watchdog_reboot
 .text.tick_start
                0x100024b0       0x10 CMakeFiles/NevadaNano_TestBed.dir/C_/VSARM/sdk/pico/pico-sdk/src/rp2_common/hardware_ticks/ticks.c.obj
                0x100024b0                tick_start
 .text.rom_func_lookup
                0x100024c0       0x10 CMakeFiles/NevadaNano_TestBed.dir/C_/VSARM/sdk/pico/pico-sdk/src/rp2_common/pico_bootrom/bootrom.c.obj
                0x100024c0                rom_func_lookup
 .text.rom_data_lookup
                0x100024d0       0x10 CMakeFiles/NevadaNano_TestBed.dir/C_/VSARM/sdk/pico/pico-sdk/src/rp2_common/pico_bootrom/bootrom.c.obj
                0x100024d0                rom_data_lookup
 .text.rom_funcs_lookup
                0x100024e0       0x36 CMakeFiles/NevadaNano_TestBed.dir/C_/VSARM/sdk/pico/pico-sdk/src/rp2_common/pico_bootrom/bootrom.c.obj
                0x100024e0                rom_funcs_lookup
 *fill*         0x10002516        0x2 
 .text.rom_reset_usb_boot_extra
                0x10002518       0x24 CMakeFiles/NevadaNano_TestBed.dir/C_/VSARM/sdk/pico/pico-sdk/src/rp2_common/pico_bootrom/bootrom.c.obj
                0x10002518                rom_reset_usb_boot_extra
 .text.xosc_init
                0x1000253c       0x2c CMakeFiles/NevadaNano_TestBed.dir/C_/VSARM/sdk/pico/pico-sdk/src/rp2_common/hardware_xosc/xosc.c.obj
                0x1000253c                xosc_init
 .text.runtime_run_initializers_from
                0x10002568       0x18 CMakeFiles/NevadaNano_TestBed.dir/C_/VSARM/sdk/pico/pico-sdk/src/rp2_common/pico_runtime/runtime.c.obj
 .text.first_per_core_initializer
                0x10002580        0x2 CMakeFiles/NevadaNano_TestBed.dir/C_/VSARM/sdk/pico/pico-sdk/src/rp2_common/pico_runtime/runtime.c.obj
 *fill*         0x10002582        0x2 
 .text.runtime_run_initializers
                0x10002584       0x10 CMakeFiles/NevadaNano_TestBed.dir/C_/VSARM/sdk/pico/pico-sdk/src/rp2_common/pico_runtime/runtime.c.obj
                0x10002584                runtime_run_initializers
 .text.runtime_init_early_resets
                0x10002594       0x2c CMakeFiles/NevadaNano_TestBed.dir/C_/VSARM/sdk/pico/pico-sdk/src/rp2_common/pico_runtime_init/runtime_init.c.obj
                0x10002594                runtime_init_early_resets
 .text.runtime_init_usb_power_down
                0x100025c0       0x1c CMakeFiles/NevadaNano_TestBed.dir/C_/VSARM/sdk/pico/pico-sdk/src/rp2_common/pico_runtime_init/runtime_init.c.obj
                0x100025c0                runtime_init_usb_power_down
 .text.runtime_init_post_clock_resets
                0x100025dc       0x20 CMakeFiles/NevadaNano_TestBed.dir/C_/VSARM/sdk/pico/pico-sdk/src/rp2_common/pico_runtime_init/runtime_init.c.obj
                0x100025dc                runtime_init_post_clock_resets
 .text.runtime_init_rp2040_gpio_ie_disable
                0x100025fc       0x14 CMakeFiles/NevadaNano_TestBed.dir/C_/VSARM/sdk/pico/pico-sdk/src/rp2_common/pico_runtime_init/runtime_init.c.obj
                0x100025fc                runtime_init_rp2040_gpio_ie_disable
 .text.runtime_init_spin_locks_reset
                0x10002610        0x8 CMakeFiles/NevadaNano_TestBed.dir/C_/VSARM/sdk/pico/pico-sdk/src/rp2_common/pico_runtime_init/runtime_init.c.obj
                0x10002610                runtime_init_spin_locks_reset
 .text.runtime_init_install_ram_vector_table
                0x10002618       0x1c CMakeFiles/NevadaNano_TestBed.dir/C_/VSARM/sdk/pico/pico-sdk/src/rp2_common/pico_runtime_init/runtime_init.c.obj
                0x10002618                runtime_init_install_ram_vector_table
 .text.start_all_ticks
                0x10002634       0x28 CMakeFiles/NevadaNano_TestBed.dir/C_/VSARM/sdk/pico/pico-sdk/src/rp2_common/pico_runtime_init/runtime_init_clocks.c.obj
 .text.runtime_init_clocks
                0x1000265c       0xcc CMakeFiles/NevadaNano_TestBed.dir/C_/VSARM/sdk/pico/pico-sdk/src/rp2_common/pico_runtime_init/runtime_init_clocks.c.obj
                0x1000265c                runtime_init_clocks
 .text          0x10002728       0x10 CMakeFiles/NevadaNano_TestBed.dir/C_/VSARM/sdk/pico/pico-sdk/src/rp2_common/pico_bit_ops/bit_ops_aeabi.S.obj
 .text.__wrap___aeabi_idiv
                0x10002738       0x50 CMakeFiles/NevadaNano_TestBed.dir/C_/VSARM/sdk/pico/pico-sdk/src/rp2_common/pico_divider/divider_hardware.S.obj
                0x10002738                __wrap___aeabi_idivmod
                0x10002738                divmod_s32s32
                0x10002738                div_s32s32
                0x10002738                __wrap___aeabi_idiv
                0x10002740                divmod_s32s32_unsafe
                0x1000276c                divmod_s32s32_savestate
 .text.__wrap___aeabi_uidiv
                0x10002788       0x4c CMakeFiles/NevadaNano_TestBed.dir/C_/VSARM/sdk/pico/pico-sdk/src/rp2_common/pico_divider/divider_hardware.S.obj
                0x10002788                __wrap___aeabi_uidiv
                0x10002788                __wrap___aeabi_uidivmod
                0x10002788                div_u32u32
                0x10002788                divmod_u32u32
                0x10002790                divmod_u32u32_unsafe
                0x100027b8                divmod_u32u32_savestate
 .text.__wrap___aeabi_ldiv
                0x100027d4      0x424 CMakeFiles/NevadaNano_TestBed.dir/C_/VSARM/sdk/pico/pico-sdk/src/rp2_common/pico_divider/divider_hardware.S.obj
                0x100027d4                div_s64s64
                0x100027d4                divmod_s64s64
                0x100027d4                __wrap___aeabi_ldivmod
                0x10002804                divmod_u64u64
                0x10002804                div_u64u64
                0x10002804                __wrap___aeabi_uldivmod
                0x10002814                divmod_u64u64_savestate
                0x10002834                divmod_s64s64_unsafe
                0x100028bc                divmod_u64u64_unsafe
 .text.__wrap___aeabi_darithmetic
                0x10002bf8       0x80 CMakeFiles/NevadaNano_TestBed.dir/C_/VSARM/sdk/pico/pico-sdk/src/rp2_common/pico_double/double_aeabi_rp2040.S.obj
                0x10002bf8                __wrap___aeabi_drsub
                0x10002bfe                __wrap___aeabi_dsub
                0x10002c10                __wrap___aeabi_dadd
                0x10002c22                __wrap___aeabi_ddiv
                0x10002c5e                __wrap___aeabi_dmul
 .text.__wrap___aeabi_cdcmple
                0x10002c78       0x6c CMakeFiles/NevadaNano_TestBed.dir/C_/VSARM/sdk/pico/pico-sdk/src/rp2_common/pico_double/double_aeabi_rp2040.S.obj
                0x10002c78                __wrap___aeabi_cdrcmple
                0x10002c88                __wrap___aeabi_cdcmpeq
                0x10002c88                __wrap___aeabi_cdcmple
 .text.__wrap___aeabi_dcmplt
                0x10002ce4        0xc CMakeFiles/NevadaNano_TestBed.dir/C_/VSARM/sdk/pico/pico-sdk/src/rp2_common/pico_double/double_aeabi_rp2040.S.obj
                0x10002ce4                __wrap___aeabi_dcmplt
 .text.__wrap___aeabi_dcmple
                0x10002cf0       0x10 CMakeFiles/NevadaNano_TestBed.dir/C_/VSARM/sdk/pico/pico-sdk/src/rp2_common/pico_double/double_aeabi_rp2040.S.obj
                0x10002cf0                __wrap___aeabi_dcmple
 .text.__wrap___aeabi_dcmpge
                0x10002d00       0x10 CMakeFiles/NevadaNano_TestBed.dir/C_/VSARM/sdk/pico/pico-sdk/src/rp2_common/pico_double/double_aeabi_rp2040.S.obj
                0x10002d00                __wrap___aeabi_dcmpge
 .text.__wrap___aeabi_dcmpgt
                0x10002d10        0xa CMakeFiles/NevadaNano_TestBed.dir/C_/VSARM/sdk/pico/pico-sdk/src/rp2_common/pico_double/double_aeabi_rp2040.S.obj
                0x10002d10                __wrap___aeabi_dcmpgt
 .text.__wrap___aeabi_dcmpun
                0x10002d1a       0x18 CMakeFiles/NevadaNano_TestBed.dir/C_/VSARM/sdk/pico/pico-sdk/src/rp2_common/pico_double/double_aeabi_rp2040.S.obj
                0x10002d1a                __wrap___aeabi_dcmpun
 *fill*         0x10002d32        0x2 
 .text.__wrap___aeabi_i2d
                0x10002d34       0x38 CMakeFiles/NevadaNano_TestBed.dir/C_/VSARM/sdk/pico/pico-sdk/src/rp2_common/pico_double/double_aeabi_rp2040.S.obj
                0x10002d34                uint2double
                0x10002d34                __wrap___aeabi_ui2d
                0x10002d3c                int2double
                0x10002d3c                __wrap___aeabi_i2d
 .text.__wrap___aeabi_d2iz
                0x10002d6c       0x48 CMakeFiles/NevadaNano_TestBed.dir/C_/VSARM/sdk/pico/pico-sdk/src/rp2_common/pico_double/double_aeabi_rp2040.S.obj
                0x10002d6c                double2int_z
                0x10002d6c                __wrap___aeabi_d2iz
 .text.__wrap___aeabi_d2uiz
                0x10002db4       0x18 CMakeFiles/NevadaNano_TestBed.dir/C_/VSARM/sdk/pico/pico-sdk/src/rp2_common/pico_double/double_aeabi_rp2040.S.obj
                0x10002db4                double2uint
                0x10002db4                __wrap___aeabi_d2uiz
                0x10002db4                double2uint_z
 .text.__aeabi_double_init
                0x10002dcc       0xcc CMakeFiles/NevadaNano_TestBed.dir/C_/VSARM/sdk/pico/pico-sdk/src/rp2_common/pico_double/double_init_rom_rp2040.c.obj
                0x10002dcc                __aeabi_double_init
 .text.double_table_shim_on_use_helper
                0x10002e98       0x34 CMakeFiles/NevadaNano_TestBed.dir/C_/VSARM/sdk/pico/pico-sdk/src/rp2_common/pico_double/double_v1_rom_shim_rp2040.S.obj
                0x10002e98                double_table_shim_on_use_helper
 .text.__wrap___aeabi_dsub
                0x10002ecc       0x10 CMakeFiles/NevadaNano_TestBed.dir/C_/VSARM/sdk/pico/pico-sdk/src/rp2_common/pico_double/double_v1_rom_shim_rp2040.S.obj
                0x10002ecc                drsub_shim
                0x10002ed2                dsub_shim
 .text.dadd_shim
                0x10002edc      0x15c CMakeFiles/NevadaNano_TestBed.dir/C_/VSARM/sdk/pico/pico-sdk/src/rp2_common/pico_double/double_v1_rom_shim_rp2040.S.obj
                0x10002edc                dadd_shim
 .text.dmul_shim
                0x10003038      0x15c CMakeFiles/NevadaNano_TestBed.dir/C_/VSARM/sdk/pico/pico-sdk/src/rp2_common/pico_double/double_v1_rom_shim_rp2040.S.obj
                0x10003038                dmul_shim
 .text.ddiv_shim
                0x10003194      0x1b0 CMakeFiles/NevadaNano_TestBed.dir/C_/VSARM/sdk/pico/pico-sdk/src/rp2_common/pico_double/double_v1_rom_shim_rp2040.S.obj
                0x10003194                ddiv_shim
 .text.double2uint_shim
                0x10003344        0xe CMakeFiles/NevadaNano_TestBed.dir/C_/VSARM/sdk/pico/pico-sdk/src/rp2_common/pico_double/double_v1_rom_shim_rp2040.S.obj
                0x10003344                double2uint_shim
                0x10003346                double2ufix_shim
 *fill*         0x10003352        0x2 
 .text.double2uint64_shim
                0x10003354       0x70 CMakeFiles/NevadaNano_TestBed.dir/C_/VSARM/sdk/pico/pico-sdk/src/rp2_common/pico_double/double_v1_rom_shim_rp2040.S.obj
                0x10003354                double2uint64_shim
                0x10003356                double2ufix64_shim
                0x10003376                d2fix_a
 .text.dunpacks
                0x100033c4       0x3c CMakeFiles/NevadaNano_TestBed.dir/C_/VSARM/sdk/pico/pico-sdk/src/rp2_common/pico_double/double_v1_rom_shim_rp2040.S.obj
                0x100033c4                dunpacks
 .text.__aeabi_lmul
                0x10003400       0x32 CMakeFiles/NevadaNano_TestBed.dir/C_/VSARM/sdk/pico/pico-sdk/src/rp2_common/pico_int64_ops/pico_int64_ops_aeabi.S.obj
                0x10003400                __wrap___aeabi_lmul
 *fill*         0x10003432        0x2 
 .text.__aeabi_float_init
                0x10003434       0xfc CMakeFiles/NevadaNano_TestBed.dir/C_/VSARM/sdk/pico/pico-sdk/src/rp2_common/pico_float/float_init_rom_rp2040.c.obj
                0x10003434                __aeabi_float_init
 .text.float_table_shim_on_use_helper
                0x10003530       0x34 CMakeFiles/NevadaNano_TestBed.dir/C_/VSARM/sdk/pico/pico-sdk/src/rp2_common/pico_float/float_v1_rom_shim_rp2040.S.obj
                0x10003530                float_table_shim_on_use_helper
 .text          0x10003564       0x10 CMakeFiles/NevadaNano_TestBed.dir/C_/VSARM/sdk/pico/pico-sdk/src/rp2_common/pico_mem_ops/mem_ops_aeabi.S.obj
                0x10003564                __aeabi_mem_init
 .text.memset   0x10003574        0xc CMakeFiles/NevadaNano_TestBed.dir/C_/VSARM/sdk/pico/pico-sdk/src/rp2_common/pico_mem_ops/mem_ops_aeabi.S.obj
                0x10003574                __wrap_memset
 .text.memcpy   0x10003580        0xc CMakeFiles/NevadaNano_TestBed.dir/C_/VSARM/sdk/pico/pico-sdk/src/rp2_common/pico_mem_ops/mem_ops_aeabi.S.obj
                0x10003580                __wrap_memcpy
                0x10003580                __wrap___aeabi_memcpy
 .text._out_null
                0x1000358c        0x2 CMakeFiles/NevadaNano_TestBed.dir/C_/VSARM/sdk/pico/pico-sdk/src/rp2_common/pico_printf/printf.c.obj
 .text._out_fct
                0x1000358e        0xe CMakeFiles/NevadaNano_TestBed.dir/C_/VSARM/sdk/pico/pico-sdk/src/rp2_common/pico_printf/printf.c.obj
 .text._atoi    0x1000359c       0x24 CMakeFiles/NevadaNano_TestBed.dir/C_/VSARM/sdk/pico/pico-sdk/src/rp2_common/pico_printf/printf.c.obj
 .text._out_rev
                0x100035c0       0xae CMakeFiles/NevadaNano_TestBed.dir/C_/VSARM/sdk/pico/pico-sdk/src/rp2_common/pico_printf/printf.c.obj
 .text._ntoa_format
                0x1000366e      0x110 CMakeFiles/NevadaNano_TestBed.dir/C_/VSARM/sdk/pico/pico-sdk/src/rp2_common/pico_printf/printf.c.obj
 .text._ntoa_long
                0x1000377e       0xbc CMakeFiles/NevadaNano_TestBed.dir/C_/VSARM/sdk/pico/pico-sdk/src/rp2_common/pico_printf/printf.c.obj
 .text._ntoa_long_long
                0x1000383a      0x10e CMakeFiles/NevadaNano_TestBed.dir/C_/VSARM/sdk/pico/pico-sdk/src/rp2_common/pico_printf/printf.c.obj
 .text._etoa    0x10003948      0x420 CMakeFiles/NevadaNano_TestBed.dir/C_/VSARM/sdk/pico/pico-sdk/src/rp2_common/pico_printf/printf.c.obj
 .text._ftoa    0x10003d68      0x354 CMakeFiles/NevadaNano_TestBed.dir/C_/VSARM/sdk/pico/pico-sdk/src/rp2_common/pico_printf/printf.c.obj
 .text._vsnprintf
                0x100040bc      0x65c CMakeFiles/NevadaNano_TestBed.dir/C_/VSARM/sdk/pico/pico-sdk/src/rp2_common/pico_printf/printf.c.obj
 .text.vfctprintf
                0x10004718       0x20 CMakeFiles/NevadaNano_TestBed.dir/C_/VSARM/sdk/pico/pico-sdk/src/rp2_common/pico_printf/printf.c.obj
                0x10004718                vfctprintf
 .text._exit    0x10004738        0x4 CMakeFiles/NevadaNano_TestBed.dir/C_/VSARM/sdk/pico/pico-sdk/src/rp2_common/pico_clib_interface/newlib_interface.c.obj
                0x10004738                _exit
 .text.exit     0x1000473c        0x6 CMakeFiles/NevadaNano_TestBed.dir/C_/VSARM/sdk/pico/pico-sdk/src/rp2_common/pico_clib_interface/newlib_interface.c.obj
                0x1000473c                exit
 *fill*         0x10004742        0x2 
 .text.__assert_func
                0x10004744       0x38 CMakeFiles/NevadaNano_TestBed.dir/C_/VSARM/sdk/pico/pico-sdk/src/rp2_common/pico_clib_interface/newlib_interface.c.obj
                0x10004744                __assert_func
 .text.runtime_init
                0x1000477c       0x28 CMakeFiles/NevadaNano_TestBed.dir/C_/VSARM/sdk/pico/pico-sdk/src/rp2_common/pico_clib_interface/newlib_interface.c.obj
                0x1000477c                runtime_init
 .text.stdio_out_chars_no_crlf
                0x100047a4        0xe CMakeFiles/NevadaNano_TestBed.dir/C_/VSARM/sdk/pico/pico-sdk/src/rp2_common/pico_stdio/stdio.c.obj
 *fill*         0x100047b2        0x2 
 .text.stdio_out_chars_crlf
                0x100047b4       0x80 CMakeFiles/NevadaNano_TestBed.dir/C_/VSARM/sdk/pico/pico-sdk/src/rp2_common/pico_stdio/stdio.c.obj
 .text.stdio_stack_buffer_flush
                0x10004834       0x44 CMakeFiles/NevadaNano_TestBed.dir/C_/VSARM/sdk/pico/pico-sdk/src/rp2_common/pico_stdio/stdio.c.obj
 .text.stdio_buffered_printer
                0x10004878       0x20 CMakeFiles/NevadaNano_TestBed.dir/C_/VSARM/sdk/pico/pico-sdk/src/rp2_common/pico_stdio/stdio.c.obj
 .text.stdout_serialize_begin
                0x10004898       0x30 CMakeFiles/NevadaNano_TestBed.dir/C_/VSARM/sdk/pico/pico-sdk/src/rp2_common/pico_stdio/stdio.c.obj
                0x10004898                stdout_serialize_begin
 .text.stdout_serialize_end
                0x100048c8       0x10 CMakeFiles/NevadaNano_TestBed.dir/C_/VSARM/sdk/pico/pico-sdk/src/rp2_common/pico_stdio/stdio.c.obj
                0x100048c8                stdout_serialize_end
 .text.stdio_put_string
                0x100048d8       0x94 CMakeFiles/NevadaNano_TestBed.dir/C_/VSARM/sdk/pico/pico-sdk/src/rp2_common/pico_stdio/stdio.c.obj
                0x100048d8                stdio_put_string
 .text.stdio_set_driver_enabled
                0x1000496c       0x2c CMakeFiles/NevadaNano_TestBed.dir/C_/VSARM/sdk/pico/pico-sdk/src/rp2_common/pico_stdio/stdio.c.obj
                0x1000496c                stdio_set_driver_enabled
 .text.stdio_flush
                0x10004998       0x20 CMakeFiles/NevadaNano_TestBed.dir/C_/VSARM/sdk/pico/pico-sdk/src/rp2_common/pico_stdio/stdio.c.obj
                0x10004998                stdio_flush
 .text.stdio_init_all
                0x100049b8        0x8 CMakeFiles/NevadaNano_TestBed.dir/C_/VSARM/sdk/pico/pico-sdk/src/rp2_common/pico_stdio/stdio.c.obj
                0x100049b8                stdio_init_all
 .text.__wrap_puts
                0x100049c0       0x1e CMakeFiles/NevadaNano_TestBed.dir/C_/VSARM/sdk/pico/pico-sdk/src/rp2_common/pico_stdio/stdio.c.obj
                0x100049c0                stdio_puts
                0x100049c0                __wrap_puts
 *fill*         0x100049de        0x2 
 .text.__wrap_vprintf
                0x100049e0       0x40 CMakeFiles/NevadaNano_TestBed.dir/C_/VSARM/sdk/pico/pico-sdk/src/rp2_common/pico_stdio/stdio.c.obj
                0x100049e0                stdio_vprintf
                0x100049e0                __wrap_vprintf
 .text.__wrap_printf
                0x10004a20       0x18 CMakeFiles/NevadaNano_TestBed.dir/C_/VSARM/sdk/pico/pico-sdk/src/rp2_common/pico_stdio/stdio.c.obj
                0x10004a20                __wrap_printf
                0x10004a20                stdio_printf
 .text.resetd_init
                0x10004a38        0x2 CMakeFiles/NevadaNano_TestBed.dir/C_/VSARM/sdk/pico/pico-sdk/src/rp2_common/pico_stdio_usb/reset_interface.c.obj
 *fill*         0x10004a3a        0x2 
 .text.resetd_reset
                0x10004a3c        0xc CMakeFiles/NevadaNano_TestBed.dir/C_/VSARM/sdk/pico/pico-sdk/src/rp2_common/pico_stdio_usb/reset_interface.c.obj
 .text.resetd_open
                0x10004a48       0x34 CMakeFiles/NevadaNano_TestBed.dir/C_/VSARM/sdk/pico/pico-sdk/src/rp2_common/pico_stdio_usb/reset_interface.c.obj
 .text.resetd_xfer_cb
                0x10004a7c        0x4 CMakeFiles/NevadaNano_TestBed.dir/C_/VSARM/sdk/pico/pico-sdk/src/rp2_common/pico_stdio_usb/reset_interface.c.obj
 .text.resetd_control_xfer_cb
                0x10004a80       0x60 CMakeFiles/NevadaNano_TestBed.dir/C_/VSARM/sdk/pico/pico-sdk/src/rp2_common/pico_stdio_usb/reset_interface.c.obj
 .text.tud_descriptor_bos_cb
                0x10004ae0        0x8 CMakeFiles/NevadaNano_TestBed.dir/C_/VSARM/sdk/pico/pico-sdk/src/rp2_common/pico_stdio_usb/reset_interface.c.obj
                0x10004ae0                tud_descriptor_bos_cb
 .text.tud_vendor_control_xfer_cb
                0x10004ae8       0x38 CMakeFiles/NevadaNano_TestBed.dir/C_/VSARM/sdk/pico/pico-sdk/src/rp2_common/pico_stdio_usb/reset_interface.c.obj
                0x10004ae8                tud_vendor_control_xfer_cb
 .text.usbd_app_driver_get_cb
                0x10004b20        0xc CMakeFiles/NevadaNano_TestBed.dir/C_/VSARM/sdk/pico/pico-sdk/src/rp2_common/pico_stdio_usb/reset_interface.c.obj
                0x10004b20                usbd_app_driver_get_cb
 .text.tud_cdc_line_coding_cb
                0x10004b2c       0x2c CMakeFiles/NevadaNano_TestBed.dir/C_/VSARM/sdk/pico/pico-sdk/src/rp2_common/pico_stdio_usb/reset_interface.c.obj
                0x10004b2c                tud_cdc_line_coding_cb
 .text.stdio_usb_set_chars_available_callback
                0x10004b58       0x14 CMakeFiles/NevadaNano_TestBed.dir/C_/VSARM/sdk/pico/pico-sdk/src/rp2_common/pico_stdio_usb/stdio_usb.c.obj
                0x10004b58                stdio_usb_set_chars_available_callback
 .text.stdio_usb_out_flush
                0x10004b6c       0x4c CMakeFiles/NevadaNano_TestBed.dir/C_/VSARM/sdk/pico/pico-sdk/src/rp2_common/pico_stdio_usb/stdio_usb.c.obj
 .text.usb_irq  0x10004bb8       0x10 CMakeFiles/NevadaNano_TestBed.dir/C_/VSARM/sdk/pico/pico-sdk/src/rp2_common/pico_stdio_usb/stdio_usb.c.obj
 .text.critical_section_enter_blocking
                0x10004bc8       0x16 CMakeFiles/NevadaNano_TestBed.dir/C_/VSARM/sdk/pico/pico-sdk/src/rp2_common/pico_stdio_usb/stdio_usb.c.obj
 *fill*         0x10004bde        0x2 
 .text.timer_task
                0x10004be0       0x60 CMakeFiles/NevadaNano_TestBed.dir/C_/VSARM/sdk/pico/pico-sdk/src/rp2_common/pico_stdio_usb/stdio_usb.c.obj
 .text.alarm_pool_add_alarm_in_us
                0x10004c40       0x40 CMakeFiles/NevadaNano_TestBed.dir/C_/VSARM/sdk/pico/pico-sdk/src/rp2_common/pico_stdio_usb/stdio_usb.c.obj
 .text.add_alarm_in_us
                0x10004c80       0x2e CMakeFiles/NevadaNano_TestBed.dir/C_/VSARM/sdk/pico/pico-sdk/src/rp2_common/pico_stdio_usb/stdio_usb.c.obj
 *fill*         0x10004cae        0x2 
 .text.low_priority_worker_irq
                0x10004cb0       0xa0 CMakeFiles/NevadaNano_TestBed.dir/C_/VSARM/sdk/pico/pico-sdk/src/rp2_common/pico_stdio_usb/stdio_usb.c.obj
 .text.stdio_usb_init
                0x10004d50       0xe0 CMakeFiles/NevadaNano_TestBed.dir/C_/VSARM/sdk/pico/pico-sdk/src/rp2_common/pico_stdio_usb/stdio_usb.c.obj
                0x10004d50                stdio_usb_init
 .text.stdio_usb_connected
                0x10004e30        0xa CMakeFiles/NevadaNano_TestBed.dir/C_/VSARM/sdk/pico/pico-sdk/src/rp2_common/pico_stdio_usb/stdio_usb.c.obj
                0x10004e30                stdio_usb_connected
 *fill*         0x10004e3a        0x2 
 .text.stdio_usb_in_chars
                0x10004e3c       0x98 CMakeFiles/NevadaNano_TestBed.dir/C_/VSARM/sdk/pico/pico-sdk/src/rp2_common/pico_stdio_usb/stdio_usb.c.obj
                0x10004e3c                stdio_usb_in_chars
 .text.stdio_usb_out_chars
                0x10004ed4       0xe8 CMakeFiles/NevadaNano_TestBed.dir/C_/VSARM/sdk/pico/pico-sdk/src/rp2_common/pico_stdio_usb/stdio_usb.c.obj
 .text.tud_descriptor_device_cb
                0x10004fbc        0x8 CMakeFiles/NevadaNano_TestBed.dir/C_/VSARM/sdk/pico/pico-sdk/src/rp2_common/pico_stdio_usb/stdio_usb_descriptors.c.obj
                0x10004fbc                tud_descriptor_device_cb
 .text.tud_descriptor_configuration_cb
                0x10004fc4        0x8 CMakeFiles/NevadaNano_TestBed.dir/C_/VSARM/sdk/pico/pico-sdk/src/rp2_common/pico_stdio_usb/stdio_usb_descriptors.c.obj
                0x10004fc4                tud_descriptor_configuration_cb
 .text.tud_descriptor_string_cb
                0x10004fcc       0x6c CMakeFiles/NevadaNano_TestBed.dir/C_/VSARM/sdk/pico/pico-sdk/src/rp2_common/pico_stdio_usb/stdio_usb_descriptors.c.obj
                0x10004fcc                tud_descriptor_string_cb
 .text._retrieve_unique_id_on_boot
                0x10005038       0x10 CMakeFiles/NevadaNano_TestBed.dir/C_/VSARM/sdk/pico/pico-sdk/src/rp2_common/pico_unique_id/unique_id.c.obj
 .text.pico_get_unique_board_id_string
                0x10005048       0x5c CMakeFiles/NevadaNano_TestBed.dir/C_/VSARM/sdk/pico/pico-sdk/src/rp2_common/pico_unique_id/unique_id.c.obj
                0x10005048                pico_get_unique_board_id_string
 .text.flash_get_unique_id
                0x100050a4       0x46 CMakeFiles/NevadaNano_TestBed.dir/C_/VSARM/sdk/pico/pico-sdk/src/rp2_common/hardware_flash/flash.c.obj
                0x100050a4                flash_get_unique_id
 *fill*         0x100050ea        0x2 
 .text.hw_endpoint_init
                0x100050ec       0xbc CMakeFiles/NevadaNano_TestBed.dir/C_/VSARM/sdk/pico/pico-sdk/lib/tinyusb/src/portable/raspberrypi/rp2040/dcd_rp2040.c.obj
 .text.hw_endpoint_alloc
                0x100051a8       0x48 CMakeFiles/NevadaNano_TestBed.dir/C_/VSARM/sdk/pico/pico-sdk/lib/tinyusb/src/portable/raspberrypi/rp2040/dcd_rp2040.c.obj
 .text.hw_endpoint_open
                0x100051f0       0x50 CMakeFiles/NevadaNano_TestBed.dir/C_/VSARM/sdk/pico/pico-sdk/lib/tinyusb/src/portable/raspberrypi/rp2040/dcd_rp2040.c.obj
 .text.hw_endpoint_xfer
                0x10005240       0x20 CMakeFiles/NevadaNano_TestBed.dir/C_/VSARM/sdk/pico/pico-sdk/lib/tinyusb/src/portable/raspberrypi/rp2040/dcd_rp2040.c.obj
 .text.dcd_int_enable
                0x10005260       0x2c CMakeFiles/NevadaNano_TestBed.dir/C_/VSARM/sdk/pico/pico-sdk/lib/tinyusb/src/portable/raspberrypi/rp2040/dcd_rp2040.c.obj
                0x10005260                dcd_int_enable
 .text.dcd_set_address
                0x1000528c       0x2c CMakeFiles/NevadaNano_TestBed.dir/C_/VSARM/sdk/pico/pico-sdk/lib/tinyusb/src/portable/raspberrypi/rp2040/dcd_rp2040.c.obj
                0x1000528c                dcd_set_address
 .text.dcd_connect
                0x100052b8       0x10 CMakeFiles/NevadaNano_TestBed.dir/C_/VSARM/sdk/pico/pico-sdk/lib/tinyusb/src/portable/raspberrypi/rp2040/dcd_rp2040.c.obj
                0x100052b8                dcd_connect
 .text.dcd_init
                0x100052c8       0x80 CMakeFiles/NevadaNano_TestBed.dir/C_/VSARM/sdk/pico/pico-sdk/lib/tinyusb/src/portable/raspberrypi/rp2040/dcd_rp2040.c.obj
                0x100052c8                dcd_init
 .text.dcd_sof_enable
                0x10005348       0x1c CMakeFiles/NevadaNano_TestBed.dir/C_/VSARM/sdk/pico/pico-sdk/lib/tinyusb/src/portable/raspberrypi/rp2040/dcd_rp2040.c.obj
                0x10005348                dcd_sof_enable
 .text.dcd_edpt0_status_complete
                0x10005364       0x1c CMakeFiles/NevadaNano_TestBed.dir/C_/VSARM/sdk/pico/pico-sdk/lib/tinyusb/src/portable/raspberrypi/rp2040/dcd_rp2040.c.obj
                0x10005364                dcd_edpt0_status_complete
 .text.dcd_edpt_open
                0x10005380       0x26 CMakeFiles/NevadaNano_TestBed.dir/C_/VSARM/sdk/pico/pico-sdk/lib/tinyusb/src/portable/raspberrypi/rp2040/dcd_rp2040.c.obj
                0x10005380                dcd_edpt_open
 .text.dcd_edpt_close_all
                0x100053a6        0x8 CMakeFiles/NevadaNano_TestBed.dir/C_/VSARM/sdk/pico/pico-sdk/lib/tinyusb/src/portable/raspberrypi/rp2040/dcd_rp2040.c.obj
                0x100053a6                dcd_edpt_close_all
 *fill*         0x100053ae        0x2 
 .text.dcd_edpt_xfer
                0x100053b0       0x30 CMakeFiles/NevadaNano_TestBed.dir/C_/VSARM/sdk/pico/pico-sdk/lib/tinyusb/src/portable/raspberrypi/rp2040/dcd_rp2040.c.obj
                0x100053b0                dcd_edpt_xfer
 .text.dcd_edpt_stall
                0x100053e0       0x3c CMakeFiles/NevadaNano_TestBed.dir/C_/VSARM/sdk/pico/pico-sdk/lib/tinyusb/src/portable/raspberrypi/rp2040/dcd_rp2040.c.obj
                0x100053e0                dcd_edpt_stall
 .text.dcd_edpt_clear_stall
                0x1000541c       0x30 CMakeFiles/NevadaNano_TestBed.dir/C_/VSARM/sdk/pico/pico-sdk/lib/tinyusb/src/portable/raspberrypi/rp2040/dcd_rp2040.c.obj
                0x1000541c                dcd_edpt_clear_stall
 .text.unaligned_memcpy
                0x1000544c       0x14 CMakeFiles/NevadaNano_TestBed.dir/C_/VSARM/sdk/pico/pico-sdk/lib/tinyusb/src/portable/raspberrypi/rp2040/rp2040_usb.c.obj
 .text.rp2040_usb_init
                0x10005460       0x44 CMakeFiles/NevadaNano_TestBed.dir/C_/VSARM/sdk/pico/pico-sdk/lib/tinyusb/src/portable/raspberrypi/rp2040/rp2040_usb.c.obj
                0x10005460                rp2040_usb_init
 .text.hw_endpoint_xfer_start
                0x100054a4       0x60 CMakeFiles/NevadaNano_TestBed.dir/C_/VSARM/sdk/pico/pico-sdk/lib/tinyusb/src/portable/raspberrypi/rp2040/rp2040_usb.c.obj
                0x100054a4                hw_endpoint_xfer_start
 .text.configuration_reset
                0x10005504       0x84 CMakeFiles/NevadaNano_TestBed.dir/C_/VSARM/sdk/pico/pico-sdk/lib/tinyusb/src/device/usbd.c.obj
 .text.critical_section_enter_blocking
                0x10005588       0x16 CMakeFiles/NevadaNano_TestBed.dir/C_/VSARM/sdk/pico/pico-sdk/lib/tinyusb/src/device/usbd.c.obj
 .text.usbd_reset
                0x1000559e        0xc CMakeFiles/NevadaNano_TestBed.dir/C_/VSARM/sdk/pico/pico-sdk/lib/tinyusb/src/device/usbd.c.obj
 .text.invoke_class_control
                0x100055aa       0x1a CMakeFiles/NevadaNano_TestBed.dir/C_/VSARM/sdk/pico/pico-sdk/lib/tinyusb/src/device/usbd.c.obj
 .text.process_set_config
                0x100055c4      0x1b0 CMakeFiles/NevadaNano_TestBed.dir/C_/VSARM/sdk/pico/pico-sdk/lib/tinyusb/src/device/usbd.c.obj
 .text.tud_event_hook_cb
                0x10005774        0x2 CMakeFiles/NevadaNano_TestBed.dir/C_/VSARM/sdk/pico/pico-sdk/lib/tinyusb/src/device/usbd.c.obj
                0x10005774                tud_event_hook_cb
 .text.tud_sof_cb
                0x10005776        0x2 CMakeFiles/NevadaNano_TestBed.dir/C_/VSARM/sdk/pico/pico-sdk/lib/tinyusb/src/device/usbd.c.obj
                0x10005776                tud_sof_cb
 .text.tud_descriptor_device_qualifier_cb
                0x10005778        0x4 CMakeFiles/NevadaNano_TestBed.dir/C_/VSARM/sdk/pico/pico-sdk/lib/tinyusb/src/device/usbd.c.obj
                0x10005778                tud_descriptor_device_qualifier_cb
 .text.tud_descriptor_other_speed_configuration_cb
                0x1000577c        0x4 CMakeFiles/NevadaNano_TestBed.dir/C_/VSARM/sdk/pico/pico-sdk/lib/tinyusb/src/device/usbd.c.obj
                0x1000577c                tud_descriptor_other_speed_configuration_cb
 .text.process_get_descriptor
                0x10005780       0xe0 CMakeFiles/NevadaNano_TestBed.dir/C_/VSARM/sdk/pico/pico-sdk/lib/tinyusb/src/device/usbd.c.obj
 .text.tud_mount_cb
                0x10005860        0x2 CMakeFiles/NevadaNano_TestBed.dir/C_/VSARM/sdk/pico/pico-sdk/lib/tinyusb/src/device/usbd.c.obj
                0x10005860                tud_mount_cb
 .text.tud_umount_cb
                0x10005862        0x2 CMakeFiles/NevadaNano_TestBed.dir/C_/VSARM/sdk/pico/pico-sdk/lib/tinyusb/src/device/usbd.c.obj
                0x10005862                tud_umount_cb
 .text.tud_suspend_cb
                0x10005864        0x2 CMakeFiles/NevadaNano_TestBed.dir/C_/VSARM/sdk/pico/pico-sdk/lib/tinyusb/src/device/usbd.c.obj
                0x10005864                tud_suspend_cb
 .text.tud_resume_cb
                0x10005866        0x2 CMakeFiles/NevadaNano_TestBed.dir/C_/VSARM/sdk/pico/pico-sdk/lib/tinyusb/src/device/usbd.c.obj
                0x10005866                tud_resume_cb
 .text.tud_mounted
                0x10005868       0x10 CMakeFiles/NevadaNano_TestBed.dir/C_/VSARM/sdk/pico/pico-sdk/lib/tinyusb/src/device/usbd.c.obj
                0x10005868                tud_mounted
 .text.tud_suspended
                0x10005878       0x10 CMakeFiles/NevadaNano_TestBed.dir/C_/VSARM/sdk/pico/pico-sdk/lib/tinyusb/src/device/usbd.c.obj
                0x10005878                tud_suspended
 .text.tud_inited
                0x10005888       0x14 CMakeFiles/NevadaNano_TestBed.dir/C_/VSARM/sdk/pico/pico-sdk/lib/tinyusb/src/device/usbd.c.obj
                0x10005888                tud_inited
 .text.tud_rhport_init
                0x1000589c      0x100 CMakeFiles/NevadaNano_TestBed.dir/C_/VSARM/sdk/pico/pico-sdk/lib/tinyusb/src/device/usbd.c.obj
                0x1000589c                tud_rhport_init
 .text.usbd_edpt_open
                0x1000599c       0x60 CMakeFiles/NevadaNano_TestBed.dir/C_/VSARM/sdk/pico/pico-sdk/lib/tinyusb/src/device/usbd.c.obj
                0x1000599c                usbd_edpt_open
 .text.usbd_open_edpt_pair
                0x100059fc       0x88 CMakeFiles/NevadaNano_TestBed.dir/C_/VSARM/sdk/pico/pico-sdk/lib/tinyusb/src/device/usbd.c.obj
                0x100059fc                usbd_open_edpt_pair
 .text.usbd_edpt_claim
                0x10005a84       0x28 CMakeFiles/NevadaNano_TestBed.dir/C_/VSARM/sdk/pico/pico-sdk/lib/tinyusb/src/device/usbd.c.obj
                0x10005a84                usbd_edpt_claim
 .text.usbd_edpt_release
                0x10005aac       0x28 CMakeFiles/NevadaNano_TestBed.dir/C_/VSARM/sdk/pico/pico-sdk/lib/tinyusb/src/device/usbd.c.obj
                0x10005aac                usbd_edpt_release
 .text.usbd_edpt_xfer
                0x10005ad4       0x88 CMakeFiles/NevadaNano_TestBed.dir/C_/VSARM/sdk/pico/pico-sdk/lib/tinyusb/src/device/usbd.c.obj
                0x10005ad4                usbd_edpt_xfer
 .text.usbd_edpt_stall
                0x10005b5c       0x34 CMakeFiles/NevadaNano_TestBed.dir/C_/VSARM/sdk/pico/pico-sdk/lib/tinyusb/src/device/usbd.c.obj
                0x10005b5c                usbd_edpt_stall
 .text.usbd_edpt_clear_stall
                0x10005b90       0x34 CMakeFiles/NevadaNano_TestBed.dir/C_/VSARM/sdk/pico/pico-sdk/lib/tinyusb/src/device/usbd.c.obj
                0x10005b90                usbd_edpt_clear_stall
 .text.usbd_edpt_stalled
                0x10005bc4       0x1c CMakeFiles/NevadaNano_TestBed.dir/C_/VSARM/sdk/pico/pico-sdk/lib/tinyusb/src/device/usbd.c.obj
                0x10005bc4                usbd_edpt_stalled
 .text.process_control_request
                0x10005be0      0x38c CMakeFiles/NevadaNano_TestBed.dir/C_/VSARM/sdk/pico/pico-sdk/lib/tinyusb/src/device/usbd.c.obj
 .text.tud_task_ext
                0x10005f6c      0x1c4 CMakeFiles/NevadaNano_TestBed.dir/C_/VSARM/sdk/pico/pico-sdk/lib/tinyusb/src/device/usbd.c.obj
                0x10005f6c                tud_task_ext
 .text.status_stage_xact
                0x10006130       0x1a CMakeFiles/NevadaNano_TestBed.dir/C_/VSARM/sdk/pico/pico-sdk/lib/tinyusb/src/device/usbd_control.c.obj
 *fill*         0x1000614a        0x2 
 .text.data_stage_xact
                0x1000614c       0x60 CMakeFiles/NevadaNano_TestBed.dir/C_/VSARM/sdk/pico/pico-sdk/lib/tinyusb/src/device/usbd_control.c.obj
 .text.tud_control_status
                0x100061ac       0x28 CMakeFiles/NevadaNano_TestBed.dir/C_/VSARM/sdk/pico/pico-sdk/lib/tinyusb/src/device/usbd_control.c.obj
                0x100061ac                tud_control_status
 .text.tud_control_xfer
                0x100061d4       0x98 CMakeFiles/NevadaNano_TestBed.dir/C_/VSARM/sdk/pico/pico-sdk/lib/tinyusb/src/device/usbd_control.c.obj
                0x100061d4                tud_control_xfer
 .text.usbd_control_reset
                0x1000626c       0x14 CMakeFiles/NevadaNano_TestBed.dir/C_/VSARM/sdk/pico/pico-sdk/lib/tinyusb/src/device/usbd_control.c.obj
                0x1000626c                usbd_control_reset
 .text.usbd_control_set_complete_callback
                0x10006280        0xc CMakeFiles/NevadaNano_TestBed.dir/C_/VSARM/sdk/pico/pico-sdk/lib/tinyusb/src/device/usbd_control.c.obj
                0x10006280                usbd_control_set_complete_callback
 .text.usbd_control_set_request
                0x1000628c       0x1c CMakeFiles/NevadaNano_TestBed.dir/C_/VSARM/sdk/pico/pico-sdk/lib/tinyusb/src/device/usbd_control.c.obj
                0x1000628c                usbd_control_set_request
 .text.usbd_control_xfer_cb
                0x100062a8       0xe0 CMakeFiles/NevadaNano_TestBed.dir/C_/VSARM/sdk/pico/pico-sdk/lib/tinyusb/src/device/usbd_control.c.obj
                0x100062a8                usbd_control_xfer_cb
 .text._prep_out_transaction
                0x10006388       0xa0 CMakeFiles/NevadaNano_TestBed.dir/C_/VSARM/sdk/pico/pico-sdk/lib/tinyusb/src/class/cdc/cdc_device.c.obj
 .text.tud_cdc_n_connected
                0x10006428       0x38 CMakeFiles/NevadaNano_TestBed.dir/C_/VSARM/sdk/pico/pico-sdk/lib/tinyusb/src/class/cdc/cdc_device.c.obj
                0x10006428                tud_cdc_n_connected
 .text.tud_cdc_n_available
                0x10006460       0x18 CMakeFiles/NevadaNano_TestBed.dir/C_/VSARM/sdk/pico/pico-sdk/lib/tinyusb/src/class/cdc/cdc_device.c.obj
                0x10006460                tud_cdc_n_available
 .text.tud_cdc_n_read
                0x10006478       0x38 CMakeFiles/NevadaNano_TestBed.dir/C_/VSARM/sdk/pico/pico-sdk/lib/tinyusb/src/class/cdc/cdc_device.c.obj
                0x10006478                tud_cdc_n_read
 .text.tud_cdc_n_write_flush
                0x100064b0       0xbc CMakeFiles/NevadaNano_TestBed.dir/C_/VSARM/sdk/pico/pico-sdk/lib/tinyusb/src/class/cdc/cdc_device.c.obj
                0x100064b0                tud_cdc_n_write_flush
 .text.tud_cdc_n_write
                0x1000656c       0x48 CMakeFiles/NevadaNano_TestBed.dir/C_/VSARM/sdk/pico/pico-sdk/lib/tinyusb/src/class/cdc/cdc_device.c.obj
                0x1000656c                tud_cdc_n_write
 .text.tud_cdc_n_write_available
                0x100065b4       0x18 CMakeFiles/NevadaNano_TestBed.dir/C_/VSARM/sdk/pico/pico-sdk/lib/tinyusb/src/class/cdc/cdc_device.c.obj
                0x100065b4                tud_cdc_n_write_available
 .text.cdcd_init
                0x100065cc       0xac CMakeFiles/NevadaNano_TestBed.dir/C_/VSARM/sdk/pico/pico-sdk/lib/tinyusb/src/class/cdc/cdc_device.c.obj
                0x100065cc                cdcd_init
 .text.cdcd_deinit
                0x10006678       0x48 CMakeFiles/NevadaNano_TestBed.dir/C_/VSARM/sdk/pico/pico-sdk/lib/tinyusb/src/class/cdc/cdc_device.c.obj
                0x10006678                cdcd_deinit
 .text.cdcd_reset
                0x100066c0       0x70 CMakeFiles/NevadaNano_TestBed.dir/C_/VSARM/sdk/pico/pico-sdk/lib/tinyusb/src/class/cdc/cdc_device.c.obj
                0x100066c0                cdcd_reset
 .text.cdcd_open
                0x10006730       0xec CMakeFiles/NevadaNano_TestBed.dir/C_/VSARM/sdk/pico/pico-sdk/lib/tinyusb/src/class/cdc/cdc_device.c.obj
                0x10006730                cdcd_open
 .text.cdcd_control_xfer_cb
                0x1000681c      0x140 CMakeFiles/NevadaNano_TestBed.dir/C_/VSARM/sdk/pico/pico-sdk/lib/tinyusb/src/class/cdc/cdc_device.c.obj
                0x1000681c                cdcd_control_xfer_cb
 .text.cdcd_xfer_cb
                0x1000695c      0x148 CMakeFiles/NevadaNano_TestBed.dir/C_/VSARM/sdk/pico/pico-sdk/lib/tinyusb/src/class/cdc/cdc_device.c.obj
                0x1000695c                cdcd_xfer_cb
 .text.tud_vendor_n_mounted
                0x10006aa4       0x3c CMakeFiles/NevadaNano_TestBed.dir/C_/VSARM/sdk/pico/pico-sdk/lib/tinyusb/src/class/vendor/vendor_device.c.obj
                0x10006aa4                tud_vendor_n_mounted
 .text.tud_vendor_n_write_flush
                0x10006ae0       0x20 CMakeFiles/NevadaNano_TestBed.dir/C_/VSARM/sdk/pico/pico-sdk/lib/tinyusb/src/class/vendor/vendor_device.c.obj
                0x10006ae0                tud_vendor_n_write_flush
 .text.vendord_init
                0x10006b00       0x9c CMakeFiles/NevadaNano_TestBed.dir/C_/VSARM/sdk/pico/pico-sdk/lib/tinyusb/src/class/vendor/vendor_device.c.obj
                0x10006b00                vendord_init
 .text.vendord_deinit
                0x10006b9c       0x34 CMakeFiles/NevadaNano_TestBed.dir/C_/VSARM/sdk/pico/pico-sdk/lib/tinyusb/src/class/vendor/vendor_device.c.obj
                0x10006b9c                vendord_deinit
 .text.vendord_reset
                0x10006bd0       0x50 CMakeFiles/NevadaNano_TestBed.dir/C_/VSARM/sdk/pico/pico-sdk/lib/tinyusb/src/class/vendor/vendor_device.c.obj
                0x10006bd0                vendord_reset
 .text.vendord_open
                0x10006c20      0x14c CMakeFiles/NevadaNano_TestBed.dir/C_/VSARM/sdk/pico/pico-sdk/lib/tinyusb/src/class/vendor/vendor_device.c.obj
                0x10006c20                vendord_open
 .text.vendord_xfer_cb
                0x10006d6c       0xd8 CMakeFiles/NevadaNano_TestBed.dir/C_/VSARM/sdk/pico/pico-sdk/lib/tinyusb/src/class/vendor/vendor_device.c.obj
                0x10006d6c                vendord_xfer_cb
 .text.tusb_rhport_init
                0x10006e44       0x7c CMakeFiles/NevadaNano_TestBed.dir/C_/VSARM/sdk/pico/pico-sdk/lib/tinyusb/src/tusb.c.obj
                0x10006e44                tusb_rhport_init
 .text.tu_edpt_claim
                0x10006ec0       0x50 CMakeFiles/NevadaNano_TestBed.dir/C_/VSARM/sdk/pico/pico-sdk/lib/tinyusb/src/tusb.c.obj
                0x10006ec0                tu_edpt_claim
 .text.tu_edpt_release
                0x10006f10       0x38 CMakeFiles/NevadaNano_TestBed.dir/C_/VSARM/sdk/pico/pico-sdk/lib/tinyusb/src/tusb.c.obj
                0x10006f10                tu_edpt_release
 .text.tu_edpt_validate
                0x10006f48       0xac CMakeFiles/NevadaNano_TestBed.dir/C_/VSARM/sdk/pico/pico-sdk/lib/tinyusb/src/tusb.c.obj
                0x10006f48                tu_edpt_validate
 .text.tu_edpt_bind_driver
                0x10006ff4       0x26 CMakeFiles/NevadaNano_TestBed.dir/C_/VSARM/sdk/pico/pico-sdk/lib/tinyusb/src/tusb.c.obj
                0x10006ff4                tu_edpt_bind_driver
 .text.tu_edpt_stream_init
                0x1000701a       0x62 CMakeFiles/NevadaNano_TestBed.dir/C_/VSARM/sdk/pico/pico-sdk/lib/tinyusb/src/tusb.c.obj
                0x1000701a                tu_edpt_stream_init
 .text.tu_edpt_stream_deinit
                0x1000707c        0x4 CMakeFiles/NevadaNano_TestBed.dir/C_/VSARM/sdk/pico/pico-sdk/lib/tinyusb/src/tusb.c.obj
                0x1000707c                tu_edpt_stream_deinit
 .text.tu_edpt_stream_write_zlp_if_needed
                0x10007080       0x80 CMakeFiles/NevadaNano_TestBed.dir/C_/VSARM/sdk/pico/pico-sdk/lib/tinyusb/src/tusb.c.obj
                0x10007080                tu_edpt_stream_write_zlp_if_needed
 .text.tu_edpt_stream_write_xfer
                0x10007100       0x84 CMakeFiles/NevadaNano_TestBed.dir/C_/VSARM/sdk/pico/pico-sdk/lib/tinyusb/src/tusb.c.obj
                0x10007100                tu_edpt_stream_write_xfer
 .text.tu_edpt_stream_read_xfer
                0x10007184       0xf4 CMakeFiles/NevadaNano_TestBed.dir/C_/VSARM/sdk/pico/pico-sdk/lib/tinyusb/src/tusb.c.obj
                0x10007184                tu_edpt_stream_read_xfer
 .text.advance_index
                0x10007278       0x1a CMakeFiles/NevadaNano_TestBed.dir/C_/VSARM/sdk/pico/pico-sdk/lib/tinyusb/src/common/tusb_fifo.c.obj
 .text._tu_fifo_peek
                0x10007292       0x56 CMakeFiles/NevadaNano_TestBed.dir/C_/VSARM/sdk/pico/pico-sdk/lib/tinyusb/src/common/tusb_fifo.c.obj
 .text._ff_pull_n
                0x100072e8       0x68 CMakeFiles/NevadaNano_TestBed.dir/C_/VSARM/sdk/pico/pico-sdk/lib/tinyusb/src/common/tusb_fifo.c.obj
 .text._tu_fifo_peek_n
                0x10007350       0x6a CMakeFiles/NevadaNano_TestBed.dir/C_/VSARM/sdk/pico/pico-sdk/lib/tinyusb/src/common/tusb_fifo.c.obj
 .text._tu_fifo_read_n
                0x100073ba       0x4e CMakeFiles/NevadaNano_TestBed.dir/C_/VSARM/sdk/pico/pico-sdk/lib/tinyusb/src/common/tusb_fifo.c.obj
 .text._ff_push_n
                0x10007408       0x68 CMakeFiles/NevadaNano_TestBed.dir/C_/VSARM/sdk/pico/pico-sdk/lib/tinyusb/src/common/tusb_fifo.c.obj
 .text._tu_fifo_write_n
                0x10007470       0xf0 CMakeFiles/NevadaNano_TestBed.dir/C_/VSARM/sdk/pico/pico-sdk/lib/tinyusb/src/common/tusb_fifo.c.obj
 .text.tu_fifo_config
                0x10007560       0x7c CMakeFiles/NevadaNano_TestBed.dir/C_/VSARM/sdk/pico/pico-sdk/lib/tinyusb/src/common/tusb_fifo.c.obj
                0x10007560                tu_fifo_config
 .text.tu_fifo_count
                0x100075dc       0x2a CMakeFiles/NevadaNano_TestBed.dir/C_/VSARM/sdk/pico/pico-sdk/lib/tinyusb/src/common/tusb_fifo.c.obj
                0x100075dc                tu_fifo_count
 .text.tu_fifo_empty
                0x10007606        0xe CMakeFiles/NevadaNano_TestBed.dir/C_/VSARM/sdk/pico/pico-sdk/lib/tinyusb/src/common/tusb_fifo.c.obj
                0x10007606                tu_fifo_empty
 .text.tu_fifo_full
                0x10007614       0x28 CMakeFiles/NevadaNano_TestBed.dir/C_/VSARM/sdk/pico/pico-sdk/lib/tinyusb/src/common/tusb_fifo.c.obj
                0x10007614                tu_fifo_full
 .text.tu_fifo_remaining
                0x1000763c       0x2c CMakeFiles/NevadaNano_TestBed.dir/C_/VSARM/sdk/pico/pico-sdk/lib/tinyusb/src/common/tusb_fifo.c.obj
                0x1000763c                tu_fifo_remaining
 .text.tu_fifo_read
                0x10007668       0x42 CMakeFiles/NevadaNano_TestBed.dir/C_/VSARM/sdk/pico/pico-sdk/lib/tinyusb/src/common/tusb_fifo.c.obj
                0x10007668                tu_fifo_read
 .text.tu_fifo_read_n
                0x100076aa        0xa CMakeFiles/NevadaNano_TestBed.dir/C_/VSARM/sdk/pico/pico-sdk/lib/tinyusb/src/common/tusb_fifo.c.obj
                0x100076aa                tu_fifo_read_n
 .text.tu_fifo_write
                0x100076b4       0x64 CMakeFiles/NevadaNano_TestBed.dir/C_/VSARM/sdk/pico/pico-sdk/lib/tinyusb/src/common/tusb_fifo.c.obj
                0x100076b4                tu_fifo_write
 .text.tu_fifo_write_n
                0x10007718        0xa CMakeFiles/NevadaNano_TestBed.dir/C_/VSARM/sdk/pico/pico-sdk/lib/tinyusb/src/common/tusb_fifo.c.obj
                0x10007718                tu_fifo_write_n
 .text.tu_fifo_clear
                0x10007722       0x3e CMakeFiles/NevadaNano_TestBed.dir/C_/VSARM/sdk/pico/pico-sdk/lib/tinyusb/src/common/tusb_fifo.c.obj
                0x10007722                tu_fifo_clear
 .text.tu_fifo_set_overwritable
                0x10007760       0x46 CMakeFiles/NevadaNano_TestBed.dir/C_/VSARM/sdk/pico/pico-sdk/lib/tinyusb/src/common/tusb_fifo.c.obj
                0x10007760                tu_fifo_set_overwritable
 *fill*         0x100077a6        0x2 
 .text.strlen   0x100077a8       0x5c c:/vsarm/armcc/12977f~1.2mp/bin/../lib/gcc/arm-none-eabi/12.2.1/thumb/v6-m/nofp\libg.a(libc_a-strlen-stub.o)
                0x100077a8                strlen
 *(.fini)
 .fini          0x10007804        0x4 c:/vsarm/armcc/12977f~1.2mp/bin/../lib/gcc/arm-none-eabi/12.2.1/thumb/v6-m/nofp/crti.o
                0x10007804                _fini
 .fini.__stub   0x10007808       0xd0 linker stubs
 *crtbegin.o(.ctors)
 *crtbegin?.o(.ctors)
 *(EXCLUDE_FILE(*crtend.o *crtend?.o) .ctors)
 *(SORT_BY_NAME(.ctors.*))
 *(.ctors)
 *crtbegin.o(.dtors)
 *crtbegin?.o(.dtors)
 *(EXCLUDE_FILE(*crtend.o *crtend?.o) .dtors)
 *(SORT_BY_NAME(.dtors.*))
 *(.dtors)
                0x100078d8                        . = ALIGN (0x4)
                0x100078d8                        PROVIDE (__preinit_array_start = .)
 *(SORT_BY_NAME(.preinit_array.*))
 .preinit_array.00100
                0x100078d8        0x4 CMakeFiles/NevadaNano_TestBed.dir/C_/VSARM/sdk/pico/pico-sdk/src/rp2_common/pico_runtime_init/runtime_init.c.obj
                0x100078d8                __pre_init_runtime_init_early_resets
 .preinit_array.00101
                0x100078dc        0x4 CMakeFiles/NevadaNano_TestBed.dir/C_/VSARM/sdk/pico/pico-sdk/src/rp2_common/pico_runtime_init/runtime_init.c.obj
                0x100078dc                __pre_init_runtime_init_usb_power_down
 .preinit_array.00275
                0x100078e0        0x4 CMakeFiles/NevadaNano_TestBed.dir/C_/VSARM/sdk/pico/pico-sdk/src/rp2_common/pico_bit_ops/bit_ops_aeabi.S.obj
 .preinit_array.00300
                0x100078e4        0x4 CMakeFiles/NevadaNano_TestBed.dir/C_/VSARM/sdk/pico/pico-sdk/src/rp2_common/pico_mem_ops/mem_ops_aeabi.S.obj
 .preinit_array.00350
                0x100078e8        0x4 CMakeFiles/NevadaNano_TestBed.dir/C_/VSARM/sdk/pico/pico-sdk/src/rp2_common/pico_double/double_aeabi_rp2040.S.obj
 .preinit_array.00350
                0x100078ec        0x4 CMakeFiles/NevadaNano_TestBed.dir/C_/VSARM/sdk/pico/pico-sdk/src/rp2_common/pico_float/float_aeabi_rp2040.S.obj
 .preinit_array.00500
                0x100078f0        0x4 CMakeFiles/NevadaNano_TestBed.dir/C_/VSARM/sdk/pico/pico-sdk/src/rp2_common/pico_runtime_init/runtime_init.c.obj
                0x100078f0                __pre_init_runtime_init_clocks
 .preinit_array.00600
                0x100078f4        0x4 CMakeFiles/NevadaNano_TestBed.dir/C_/VSARM/sdk/pico/pico-sdk/src/rp2_common/pico_runtime_init/runtime_init.c.obj
                0x100078f4                __pre_init_runtime_init_post_clock_resets
 .preinit_array.00700
                0x100078f8        0x4 CMakeFiles/NevadaNano_TestBed.dir/C_/VSARM/sdk/pico/pico-sdk/src/rp2_common/pico_runtime_init/runtime_init.c.obj
                0x100078f8                __pre_init_runtime_init_rp2040_gpio_ie_disable
 .preinit_array.01000
                0x100078fc        0x4 CMakeFiles/NevadaNano_TestBed.dir/C_/VSARM/sdk/pico/pico-sdk/src/rp2_common/pico_runtime_init/runtime_init.c.obj
                0x100078fc                __pre_init_runtime_init_spin_locks_reset
 .preinit_array.01100
                0x10007900        0x4 CMakeFiles/NevadaNano_TestBed.dir/C_/VSARM/sdk/pico/pico-sdk/src/common/pico_sync/mutex.c.obj
                0x10007900                __pre_init_runtime_init_mutex
 .preinit_array.10080
                0x10007904        0x4 CMakeFiles/NevadaNano_TestBed.dir/C_/VSARM/sdk/pico/pico-sdk/src/rp2_common/pico_runtime_init/runtime_init.c.obj
                0x10007904                __pre_init_runtime_init_install_ram_vector_table
 .preinit_array.11000
                0x10007908        0x4 CMakeFiles/NevadaNano_TestBed.dir/C_/VSARM/sdk/pico/pico-sdk/src/common/pico_time/time.c.obj
                0x10007908                __pre_init_runtime_init_default_alarm_pool
 .preinit_array.YYYYY
                0x1000790c        0x4 CMakeFiles/NevadaNano_TestBed.dir/C_/VSARM/sdk/pico/pico-sdk/src/rp2_common/pico_runtime/runtime.c.obj
                0x1000790c                __pre_init_first_per_core_initializer
 .preinit_array.ZZZZZ.01200
                0x10007910        0x4 CMakeFiles/NevadaNano_TestBed.dir/C_/VSARM/sdk/pico/pico-sdk/src/rp2_common/hardware_irq/irq.c.obj
                0x10007910                __pre_init_runtime_init_per_core_irq_priorities
 *(.preinit_array)
                0x10007914                        PROVIDE (__preinit_array_end = .)
                0x10007914                        . = ALIGN (0x4)
                0x10007914                        PROVIDE (__init_array_start = .)
 *(SORT_BY_NAME(.init_array.*))
 *(.init_array)
 .init_array    0x10007914        0x4 c:/vsarm/armcc/12977f~1.2mp/bin/../lib/gcc/arm-none-eabi/12.2.1/thumb/v6-m/nofp/crtbegin.o
 .init_array    0x10007918        0x4 CMakeFiles/NevadaNano_TestBed.dir/C_/VSARM/sdk/pico/pico-sdk/src/rp2_common/pico_unique_id/unique_id.c.obj
                0x1000791c                        PROVIDE (__init_array_end = .)
                0x1000791c                        . = ALIGN (0x4)
                [!provide]                        PROVIDE (__fini_array_start = .)
 *(SORT_BY_NAME(.fini_array.*))
 *(.fini_array)
                [!provide]                        PROVIDE (__fini_array_end = .)
 *(.eh_frame*)
 .eh_frame      0x1000791c        0x0 c:/vsarm/armcc/12977f~1.2mp/bin/../lib/gcc/arm-none-eabi/12.2.1/thumb/v6-m/nofp/crtbegin.o
                0x1000791c                        . = ALIGN (0x4)

.glue_7         0x1000791c        0x0
 .glue_7        0x1000791c        0x0 linker stubs

.glue_7t        0x1000791c        0x0
 .glue_7t       0x1000791c        0x0 linker stubs

.vfp11_veneer   0x1000791c        0x0
 .vfp11_veneer  0x1000791c        0x0 linker stubs

.v4_bx          0x1000791c        0x0
 .v4_bx         0x1000791c        0x0 linker stubs

.iplt           0x1000791c        0x0
 .iplt          0x1000791c        0x0 c:/vsarm/armcc/12977f~1.2mp/bin/../lib/gcc/arm-none-eabi/12.2.1/thumb/v6-m/nofp/crtbegin.o

.rodata         0x10007920     0x1608
 *(EXCLUDE_FILE(*libm.a: *libc.a:*lib_a-mem*.o *libgcc.a:) .rodata*)
 .rodata.MUX_Set
                0x10007920       0x64 CMakeFiles/NevadaNano_TestBed.dir/main.c.obj
 .rodata.str1.4
                0x10007984        0xf CMakeFiles/NevadaNano_TestBed.dir/main.c.obj
 *fill*         0x10007993        0x1 
 .rodata.__bi_171.0
                0x10007994        0xc CMakeFiles/NevadaNano_TestBed.dir/main.c.obj
 .rodata.crc16Table
                0x100079a0      0x200 CMakeFiles/NevadaNano_TestBed.dir/main.c.obj
                0x100079a0                crc16Table
 .rodata        0x10007ba0       0x1c CMakeFiles/NevadaNano_TestBed.dir/main.c.obj
 .rodata.rp2040_chip_version.str1.4
                0x10007bbc       0x75 CMakeFiles/NevadaNano_TestBed.dir/C_/VSARM/sdk/pico/pico-sdk/src/rp2040/pico_platform/platform.c.obj
 *fill*         0x10007c31        0x3 
 .rodata.__func__.0
                0x10007c34       0x14 CMakeFiles/NevadaNano_TestBed.dir/C_/VSARM/sdk/pico/pico-sdk/src/rp2040/pico_platform/platform.c.obj
 .rodata.panic.str1.4
                0x10007c48       0x12 CMakeFiles/NevadaNano_TestBed.dir/C_/VSARM/sdk/pico/pico-sdk/src/rp2_common/pico_platform_panic/panic.c.obj
 *fill*         0x10007c5a        0x2 
 .rodata.spin_lock_claim_unused.str1.4
                0x10007c5c       0x1b CMakeFiles/NevadaNano_TestBed.dir/C_/VSARM/sdk/pico/pico-sdk/src/rp2_common/hardware_sync/sync.c.obj
 *fill*         0x10007c77        0x1 
 .rodata.resolve_j_16.str1.4
                0x10007c78       0x55 CMakeFiles/NevadaNano_TestBed.dir/C_/VSARM/sdk/pico/pico-sdk/src/rp2_common/hardware_irq/irq.c.obj
 *fill*         0x10007ccd        0x3 
 .rodata.make_j_16.str1.4
                0x10007cd0       0x30 CMakeFiles/NevadaNano_TestBed.dir/C_/VSARM/sdk/pico/pico-sdk/src/rp2_common/hardware_irq/irq.c.obj
 .rodata.irq_set_exclusive_handler.str1.4
                0x10007d00       0x36 CMakeFiles/NevadaNano_TestBed.dir/C_/VSARM/sdk/pico/pico-sdk/src/rp2_common/hardware_irq/irq.c.obj
 *fill*         0x10007d36        0x2 
 .rodata.irq_add_shared_handler.str1.4
                0x10007d38       0xd2 CMakeFiles/NevadaNano_TestBed.dir/C_/VSARM/sdk/pico/pico-sdk/src/rp2_common/hardware_irq/irq.c.obj
 *fill*         0x10007e0a        0x2 
 .rodata.irq_add_tail_to_free_list.str1.4
                0x10007e0c       0x3a CMakeFiles/NevadaNano_TestBed.dir/C_/VSARM/sdk/pico/pico-sdk/src/rp2_common/hardware_irq/irq.c.obj
 *fill*         0x10007e46        0x2 
 .rodata.user_irq_claim_unused.str1.4
                0x10007e48       0x1b CMakeFiles/NevadaNano_TestBed.dir/C_/VSARM/sdk/pico/pico-sdk/src/rp2_common/hardware_irq/irq.c.obj
 *fill*         0x10007e63        0x1 
 .rodata.__func__.0
                0x10007e64       0x1a CMakeFiles/NevadaNano_TestBed.dir/C_/VSARM/sdk/pico/pico-sdk/src/rp2_common/hardware_irq/irq.c.obj
 *fill*         0x10007e7e        0x2 
 .rodata.__func__.3
                0x10007e80        0xa CMakeFiles/NevadaNano_TestBed.dir/C_/VSARM/sdk/pico/pico-sdk/src/rp2_common/hardware_irq/irq.c.obj
 *fill*         0x10007e8a        0x2 
 .rodata.__func__.4
                0x10007e8c        0xd CMakeFiles/NevadaNano_TestBed.dir/C_/VSARM/sdk/pico/pico-sdk/src/rp2_common/hardware_irq/irq.c.obj
 *fill*         0x10007e99        0x3 
 .rodata.__func__.5
                0x10007e9c       0x17 CMakeFiles/NevadaNano_TestBed.dir/C_/VSARM/sdk/pico/pico-sdk/src/rp2_common/hardware_irq/irq.c.obj
 *fill*         0x10007eb3        0x1 
 .rodata.__func__.6
                0x10007eb4       0x1a CMakeFiles/NevadaNano_TestBed.dir/C_/VSARM/sdk/pico/pico-sdk/src/rp2_common/hardware_irq/irq.c.obj
 *fill*         0x10007ece        0x2 
 .rodata.runtime_init_mutex.str1.4
                0x10007ed0       0x58 CMakeFiles/NevadaNano_TestBed.dir/C_/VSARM/sdk/pico/pico-sdk/src/common/pico_sync/mutex.c.obj
 .rodata.str1.4
                0x10007f28       0x51 CMakeFiles/NevadaNano_TestBed.dir/C_/VSARM/sdk/pico/pico-sdk/src/common/pico_sync/mutex.c.obj
 *fill*         0x10007f79        0x3 
 .rodata.__func__.1
                0x10007f7c        0xb CMakeFiles/NevadaNano_TestBed.dir/C_/VSARM/sdk/pico/pico-sdk/src/common/pico_sync/mutex.c.obj
 *fill*         0x10007f87        0x1 
 .rodata.__func__.3
                0x10007f88       0x18 CMakeFiles/NevadaNano_TestBed.dir/C_/VSARM/sdk/pico/pico-sdk/src/common/pico_sync/mutex.c.obj
 .rodata.__func__.6
                0x10007fa0       0x13 CMakeFiles/NevadaNano_TestBed.dir/C_/VSARM/sdk/pico/pico-sdk/src/common/pico_sync/mutex.c.obj
 *fill*         0x10007fb3        0x1 
 .rodata.alarm_pool_irq_handler.str1.4
                0x10007fb4       0x63 CMakeFiles/NevadaNano_TestBed.dir/C_/VSARM/sdk/pico/pico-sdk/src/common/pico_time/time.c.obj
 *fill*         0x10008017        0x1 
 .rodata.alarm_pool_get_default.str1.4
                0x10008018       0x21 CMakeFiles/NevadaNano_TestBed.dir/C_/VSARM/sdk/pico/pico-sdk/src/common/pico_time/time.c.obj
 *fill*         0x10008039        0x3 
 .rodata.sleep_until.str1.4
                0x1000803c       0x4d CMakeFiles/NevadaNano_TestBed.dir/C_/VSARM/sdk/pico/pico-sdk/src/common/pico_time/time.c.obj
 *fill*         0x10008089        0x3 
 .rodata.__func__.1
                0x1000808c       0x17 CMakeFiles/NevadaNano_TestBed.dir/C_/VSARM/sdk/pico/pico-sdk/src/common/pico_time/time.c.obj
 *fill*         0x100080a3        0x1 
 .rodata.__func__.2
                0x100080a4       0x17 CMakeFiles/NevadaNano_TestBed.dir/C_/VSARM/sdk/pico/pico-sdk/src/common/pico_time/time.c.obj
 *fill*         0x100080bb        0x1 
 .rodata.timer_hardware_alarm_claim.str1.4
                0x100080bc       0x22 CMakeFiles/NevadaNano_TestBed.dir/C_/VSARM/sdk/pico/pico-sdk/src/rp2_common/hardware_timer/timer.c.obj
 *fill*         0x100080de        0x2 
 .rodata.pll_init.str1.4
                0x100080e0      0x114 CMakeFiles/NevadaNano_TestBed.dir/C_/VSARM/sdk/pico/pico-sdk/src/rp2_common/hardware_pll/pll.c.obj
 .rodata.__func__.0
                0x100081f4        0x9 CMakeFiles/NevadaNano_TestBed.dir/C_/VSARM/sdk/pico/pico-sdk/src/rp2_common/hardware_pll/pll.c.obj
 *fill*         0x100081fd        0x3 
 .rodata.__aeabi_double_init.str1.4
                0x10008200       0x93 CMakeFiles/NevadaNano_TestBed.dir/C_/VSARM/sdk/pico/pico-sdk/src/rp2_common/pico_double/double_init_rom_rp2040.c.obj
 *fill*         0x10008293        0x1 
 .rodata.__func__.0
                0x10008294       0x14 CMakeFiles/NevadaNano_TestBed.dir/C_/VSARM/sdk/pico/pico-sdk/src/rp2_common/pico_double/double_init_rom_rp2040.c.obj
 .rodata.__aeabi_float_init.str1.4
                0x100082a8       0x81 CMakeFiles/NevadaNano_TestBed.dir/C_/VSARM/sdk/pico/pico-sdk/src/rp2_common/pico_float/float_init_rom_rp2040.c.obj
                                 0x85 (size before relaxing)
 *fill*         0x10008329        0x3 
 .rodata.__func__.0
                0x1000832c       0x13 CMakeFiles/NevadaNano_TestBed.dir/C_/VSARM/sdk/pico/pico-sdk/src/rp2_common/pico_float/float_init_rom_rp2040.c.obj
 *fill*         0x1000833f        0x1 
 .rodata.str1.4
                0x10008340       0x48 CMakeFiles/NevadaNano_TestBed.dir/C_/VSARM/sdk/pico/pico-sdk/src/rp2_common/pico_standard_binary_info/standard_binary_info.c.obj
 .rodata.__bi_84
                0x10008388        0xc CMakeFiles/NevadaNano_TestBed.dir/C_/VSARM/sdk/pico/pico-sdk/src/rp2_common/pico_standard_binary_info/standard_binary_info.c.obj
 .rodata.__bi_78
                0x10008394        0xc CMakeFiles/NevadaNano_TestBed.dir/C_/VSARM/sdk/pico/pico-sdk/src/rp2_common/pico_standard_binary_info/standard_binary_info.c.obj
 .rodata.__bi_54
                0x100083a0        0xc CMakeFiles/NevadaNano_TestBed.dir/C_/VSARM/sdk/pico/pico-sdk/src/rp2_common/pico_standard_binary_info/standard_binary_info.c.obj
 .rodata.__bi_48
                0x100083ac        0xc CMakeFiles/NevadaNano_TestBed.dir/C_/VSARM/sdk/pico/pico-sdk/src/rp2_common/pico_standard_binary_info/standard_binary_info.c.obj
 .rodata.__bi_42
                0x100083b8        0xc CMakeFiles/NevadaNano_TestBed.dir/C_/VSARM/sdk/pico/pico-sdk/src/rp2_common/pico_standard_binary_info/standard_binary_info.c.obj
 .rodata.__bi_34
                0x100083c4        0xc CMakeFiles/NevadaNano_TestBed.dir/C_/VSARM/sdk/pico/pico-sdk/src/rp2_common/pico_standard_binary_info/standard_binary_info.c.obj
 .rodata.__bi_26
                0x100083d0        0xc CMakeFiles/NevadaNano_TestBed.dir/C_/VSARM/sdk/pico/pico-sdk/src/rp2_common/pico_standard_binary_info/standard_binary_info.c.obj
 .rodata._ftoa.str1.4
                0x100083dc       0x15 CMakeFiles/NevadaNano_TestBed.dir/C_/VSARM/sdk/pico/pico-sdk/src/rp2_common/pico_printf/printf.c.obj
 *fill*         0x100083f1        0x3 
 .rodata._vsnprintf
                0x100083f4      0x19c CMakeFiles/NevadaNano_TestBed.dir/C_/VSARM/sdk/pico/pico-sdk/src/rp2_common/pico_printf/printf.c.obj
 .rodata.pow10.0
                0x10008590       0x50 CMakeFiles/NevadaNano_TestBed.dir/C_/VSARM/sdk/pico/pico-sdk/src/rp2_common/pico_printf/printf.c.obj
 .rodata.__assert_func.str1.4
                0x100085e0       0x3f CMakeFiles/NevadaNano_TestBed.dir/C_/VSARM/sdk/pico/pico-sdk/src/rp2_common/pico_clib_interface/newlib_interface.c.obj
                                 0x43 (size before relaxing)
 *fill*         0x1000861f        0x1 
 .rodata.crlf_str.0
                0x10008620        0x2 CMakeFiles/NevadaNano_TestBed.dir/C_/VSARM/sdk/pico/pico-sdk/src/rp2_common/pico_stdio/stdio.c.obj
 *fill*         0x10008622        0x2 
 .rodata._resetd_driver
                0x10008624       0x20 CMakeFiles/NevadaNano_TestBed.dir/C_/VSARM/sdk/pico/pico-sdk/src/rp2_common/pico_stdio_usb/reset_interface.c.obj
 .rodata.desc_ms_os_20
                0x10008644       0xa6 CMakeFiles/NevadaNano_TestBed.dir/C_/VSARM/sdk/pico/pico-sdk/src/rp2_common/pico_stdio_usb/reset_interface.c.obj
 *fill*         0x100086ea        0x2 
 .rodata.desc_bos
                0x100086ec       0x21 CMakeFiles/NevadaNano_TestBed.dir/C_/VSARM/sdk/pico/pico-sdk/src/rp2_common/pico_stdio_usb/reset_interface.c.obj
                0x100086ec                desc_bos
 *fill*         0x1000870d        0x3 
 .rodata.stdio_usb_init.str1.4
                0x10008710       0x4d CMakeFiles/NevadaNano_TestBed.dir/C_/VSARM/sdk/pico/pico-sdk/src/rp2_common/pico_stdio_usb/stdio_usb.c.obj
 *fill*         0x1000875d        0x3 
 .rodata.str1.4
                0x10008760       0x13 CMakeFiles/NevadaNano_TestBed.dir/C_/VSARM/sdk/pico/pico-sdk/src/rp2_common/pico_stdio_usb/stdio_usb.c.obj
 *fill*         0x10008773        0x1 
 .rodata.__bi_197.1
                0x10008774        0xc CMakeFiles/NevadaNano_TestBed.dir/C_/VSARM/sdk/pico/pico-sdk/src/rp2_common/pico_stdio_usb/stdio_usb.c.obj
 .rodata.__func__.2
                0x10008780        0xf CMakeFiles/NevadaNano_TestBed.dir/C_/VSARM/sdk/pico/pico-sdk/src/rp2_common/pico_stdio_usb/stdio_usb.c.obj
 *fill*         0x1000878f        0x1 
 .rodata.str1.4
                0x10008790       0x2a CMakeFiles/NevadaNano_TestBed.dir/C_/VSARM/sdk/pico/pico-sdk/src/rp2_common/pico_stdio_usb/stdio_usb_descriptors.c.obj
 *fill*         0x100087ba        0x2 
 .rodata.usbd_desc_str
                0x100087bc       0x18 CMakeFiles/NevadaNano_TestBed.dir/C_/VSARM/sdk/pico/pico-sdk/src/rp2_common/pico_stdio_usb/stdio_usb_descriptors.c.obj
 .rodata.usbd_desc_cfg
                0x100087d4       0x54 CMakeFiles/NevadaNano_TestBed.dir/C_/VSARM/sdk/pico/pico-sdk/src/rp2_common/pico_stdio_usb/stdio_usb_descriptors.c.obj
 .rodata.usbd_desc_device
                0x10008828       0x12 CMakeFiles/NevadaNano_TestBed.dir/C_/VSARM/sdk/pico/pico-sdk/src/rp2_common/pico_stdio_usb/stdio_usb_descriptors.c.obj
 *fill*         0x1000883a        0x2 
 .rodata.pico_get_unique_board_id_string.str1.4
                0x1000883c       0x4d CMakeFiles/NevadaNano_TestBed.dir/C_/VSARM/sdk/pico/pico-sdk/src/rp2_common/pico_unique_id/unique_id.c.obj
 *fill*         0x10008889        0x3 
 .rodata.__func__.0
                0x1000888c       0x20 CMakeFiles/NevadaNano_TestBed.dir/C_/VSARM/sdk/pico/pico-sdk/src/rp2_common/pico_unique_id/unique_id.c.obj
 .rodata.str1.4
                0x100088ac      0x191 CMakeFiles/NevadaNano_TestBed.dir/C_/VSARM/sdk/pico/pico-sdk/src/rp2_common/hardware_flash/flash.c.obj
 *fill*         0x10008a3d        0x3 
 .rodata.__func__.0
                0x10008a40        0xd CMakeFiles/NevadaNano_TestBed.dir/C_/VSARM/sdk/pico/pico-sdk/src/rp2_common/hardware_flash/flash.c.obj
 *fill*         0x10008a4d        0x3 
 .rodata.hw_endpoint_alloc.str1.4
                0x10008a50       0x98 CMakeFiles/NevadaNano_TestBed.dir/C_/VSARM/sdk/pico/pico-sdk/lib/tinyusb/src/portable/raspberrypi/rp2040/dcd_rp2040.c.obj
 .rodata.str1.4
                0x10008ae8       0x14 CMakeFiles/NevadaNano_TestBed.dir/C_/VSARM/sdk/pico/pico-sdk/lib/tinyusb/src/portable/raspberrypi/rp2040/dcd_rp2040.c.obj
 .rodata.dcd_int_enable.str1.4
                0x10008afc        0xc CMakeFiles/NevadaNano_TestBed.dir/C_/VSARM/sdk/pico/pico-sdk/lib/tinyusb/src/portable/raspberrypi/rp2040/dcd_rp2040.c.obj
 .rodata.__func__.0
                0x10008b08        0xe CMakeFiles/NevadaNano_TestBed.dir/C_/VSARM/sdk/pico/pico-sdk/lib/tinyusb/src/portable/raspberrypi/rp2040/dcd_rp2040.c.obj
 *fill*         0x10008b16        0x2 
 .rodata.__func__.3
                0x10008b18       0x10 CMakeFiles/NevadaNano_TestBed.dir/C_/VSARM/sdk/pico/pico-sdk/lib/tinyusb/src/portable/raspberrypi/rp2040/dcd_rp2040.c.obj
 .rodata.__func__.5
                0x10008b28        0xf CMakeFiles/NevadaNano_TestBed.dir/C_/VSARM/sdk/pico/pico-sdk/lib/tinyusb/src/portable/raspberrypi/rp2040/dcd_rp2040.c.obj
 *fill*         0x10008b37        0x1 
 .rodata.__func__.6
                0x10008b38       0x12 CMakeFiles/NevadaNano_TestBed.dir/C_/VSARM/sdk/pico/pico-sdk/lib/tinyusb/src/portable/raspberrypi/rp2040/dcd_rp2040.c.obj
 *fill*         0x10008b4a        0x2 
 .rodata.__func__.7
                0x10008b4c        0x9 CMakeFiles/NevadaNano_TestBed.dir/C_/VSARM/sdk/pico/pico-sdk/lib/tinyusb/src/portable/raspberrypi/rp2040/dcd_rp2040.c.obj
 *fill*         0x10008b55        0x3 
 .rodata.str1.4
                0x10008b58       0xdc CMakeFiles/NevadaNano_TestBed.dir/C_/VSARM/sdk/pico/pico-sdk/lib/tinyusb/src/portable/raspberrypi/rp2040/rp2040_usb.c.obj
 .rodata.hw_endpoint_xfer_start.str1.4
                0x10008c34       0x38 CMakeFiles/NevadaNano_TestBed.dir/C_/VSARM/sdk/pico/pico-sdk/lib/tinyusb/src/portable/raspberrypi/rp2040/rp2040_usb.c.obj
 .rodata.__func__.0
                0x10008c6c        0xf CMakeFiles/NevadaNano_TestBed.dir/C_/VSARM/sdk/pico/pico-sdk/lib/tinyusb/src/portable/raspberrypi/rp2040/rp2040_usb.c.obj
 *fill*         0x10008c7b        0x1 
 .rodata.configuration_reset.str1.4
                0x10008c7c       0x17 CMakeFiles/NevadaNano_TestBed.dir/C_/VSARM/sdk/pico/pico-sdk/lib/tinyusb/src/device/usbd.c.obj
 *fill*         0x10008c93        0x1 
 .rodata.process_get_descriptor
                0x10008c94       0x40 CMakeFiles/NevadaNano_TestBed.dir/C_/VSARM/sdk/pico/pico-sdk/lib/tinyusb/src/device/usbd.c.obj
 .rodata        0x10008cd4       0x1c CMakeFiles/NevadaNano_TestBed.dir/C_/VSARM/sdk/pico/pico-sdk/lib/tinyusb/src/device/usbd.c.obj
 .rodata.process_control_request
                0x10008cf0       0x28 CMakeFiles/NevadaNano_TestBed.dir/C_/VSARM/sdk/pico/pico-sdk/lib/tinyusb/src/device/usbd.c.obj
 .rodata.tud_task_ext
                0x10008d18       0x24 CMakeFiles/NevadaNano_TestBed.dir/C_/VSARM/sdk/pico/pico-sdk/lib/tinyusb/src/device/usbd.c.obj
 .rodata.__func__.3
                0x10008d3c        0xf CMakeFiles/NevadaNano_TestBed.dir/C_/VSARM/sdk/pico/pico-sdk/lib/tinyusb/src/device/usbd.c.obj
 *fill*         0x10008d4b        0x1 
 .rodata.__func__.4
                0x10008d4c        0xf CMakeFiles/NevadaNano_TestBed.dir/C_/VSARM/sdk/pico/pico-sdk/lib/tinyusb/src/device/usbd.c.obj
 *fill*         0x10008d5b        0x1 
 .rodata.__func__.5
                0x10008d5c       0x14 CMakeFiles/NevadaNano_TestBed.dir/C_/VSARM/sdk/pico/pico-sdk/lib/tinyusb/src/device/usbd.c.obj
 .rodata.__func__.6
                0x10008d70        0xc CMakeFiles/NevadaNano_TestBed.dir/C_/VSARM/sdk/pico/pico-sdk/lib/tinyusb/src/device/usbd.c.obj
 .rodata.__func__.7
                0x10008d7c       0x17 CMakeFiles/NevadaNano_TestBed.dir/C_/VSARM/sdk/pico/pico-sdk/lib/tinyusb/src/device/usbd.c.obj
 *fill*         0x10008d93        0x1 
 .rodata.__func__.8
                0x10008d94       0x13 CMakeFiles/NevadaNano_TestBed.dir/C_/VSARM/sdk/pico/pico-sdk/lib/tinyusb/src/device/usbd.c.obj
 *fill*         0x10008da7        0x1 
 .rodata.__func__.9
                0x10008da8       0x18 CMakeFiles/NevadaNano_TestBed.dir/C_/VSARM/sdk/pico/pico-sdk/lib/tinyusb/src/device/usbd.c.obj
 .rodata.__func__.10
                0x10008dc0       0x14 CMakeFiles/NevadaNano_TestBed.dir/C_/VSARM/sdk/pico/pico-sdk/lib/tinyusb/src/device/usbd.c.obj
 .rodata.__func__.11
                0x10008dd4        0xd CMakeFiles/NevadaNano_TestBed.dir/C_/VSARM/sdk/pico/pico-sdk/lib/tinyusb/src/device/usbd.c.obj
 *fill*         0x10008de1        0x3 
 .rodata.__func__.12
                0x10008de4       0x10 CMakeFiles/NevadaNano_TestBed.dir/C_/VSARM/sdk/pico/pico-sdk/lib/tinyusb/src/device/usbd.c.obj
 .rodata._usbd_driver
                0x10008df4       0x40 CMakeFiles/NevadaNano_TestBed.dir/C_/VSARM/sdk/pico/pico-sdk/lib/tinyusb/src/device/usbd.c.obj
 .rodata.tud_control_xfer.str1.4
                0x10008e34       0x17 CMakeFiles/NevadaNano_TestBed.dir/C_/VSARM/sdk/pico/pico-sdk/lib/tinyusb/src/device/usbd_control.c.obj
 .rodata.__func__.0
                0x10008e34       0x15 CMakeFiles/NevadaNano_TestBed.dir/C_/VSARM/sdk/pico/pico-sdk/lib/tinyusb/src/device/usbd_control.c.obj
 *fill*         0x10008e49        0x3 
 .rodata.__func__.1
                0x10008e4c       0x11 CMakeFiles/NevadaNano_TestBed.dir/C_/VSARM/sdk/pico/pico-sdk/lib/tinyusb/src/device/usbd_control.c.obj
 .rodata.tud_cdc_n_write_flush.str1.4
                0x10008e5d       0x17 CMakeFiles/NevadaNano_TestBed.dir/C_/VSARM/sdk/pico/pico-sdk/lib/tinyusb/src/class/cdc/cdc_device.c.obj
 *fill*         0x10008e5d        0x3 
 .rodata.__func__.0
                0x10008e60        0xd CMakeFiles/NevadaNano_TestBed.dir/C_/VSARM/sdk/pico/pico-sdk/lib/tinyusb/src/class/cdc/cdc_device.c.obj
 *fill*         0x10008e6d        0x3 
 .rodata.__func__.1
                0x10008e70        0xa CMakeFiles/NevadaNano_TestBed.dir/C_/VSARM/sdk/pico/pico-sdk/lib/tinyusb/src/class/cdc/cdc_device.c.obj
 *fill*         0x10008e7a        0x2 
 .rodata.__func__.3
                0x10008e7c       0x16 CMakeFiles/NevadaNano_TestBed.dir/C_/VSARM/sdk/pico/pico-sdk/lib/tinyusb/src/class/cdc/cdc_device.c.obj
 .rodata.vendord_open.str1.4
                0x10008e92       0x17 CMakeFiles/NevadaNano_TestBed.dir/C_/VSARM/sdk/pico/pico-sdk/lib/tinyusb/src/class/vendor/vendor_device.c.obj
 *fill*         0x10008e92        0x2 
 .rodata.__func__.0
                0x10008e94        0xd CMakeFiles/NevadaNano_TestBed.dir/C_/VSARM/sdk/pico/pico-sdk/lib/tinyusb/src/class/vendor/vendor_device.c.obj
 .rodata.tusb_rhport_init.str1.4
                0x10008ea1       0x17 CMakeFiles/NevadaNano_TestBed.dir/C_/VSARM/sdk/pico/pico-sdk/lib/tinyusb/src/tusb.c.obj
 *fill*         0x10008ea1        0x3 
 .rodata.__func__.0
                0x10008ea4       0x19 CMakeFiles/NevadaNano_TestBed.dir/C_/VSARM/sdk/pico/pico-sdk/lib/tinyusb/src/tusb.c.obj
 *fill*         0x10008ebd        0x3 
 .rodata.__func__.2